Archive member included to satisfy reference by file (symbol)

/opt/gcc-arm-none-eabi-7-2017-q4-major/bin/../lib/gcc/arm-none-eabi/7.2.1/../../../../arm-none-eabi/lib/thumb/v7-m/libc_nano.a(lib_a-exit.o)
                              /opt/gcc-arm-none-eabi-7-2017-q4-major/bin/../lib/gcc/arm-none-eabi/7.2.1/../../../../arm-none-eabi/lib/thumb/v7-m/crt0.o (exit)
/opt/gcc-arm-none-eabi-7-2017-q4-major/bin/../lib/gcc/arm-none-eabi/7.2.1/../../../../arm-none-eabi/lib/thumb/v7-m/libc_nano.a(lib_a-impure.o)
                              /opt/gcc-arm-none-eabi-7-2017-q4-major/bin/../lib/gcc/arm-none-eabi/7.2.1/../../../../arm-none-eabi/lib/thumb/v7-m/libc_nano.a(lib_a-exit.o) (_global_impure_ptr)
/opt/gcc-arm-none-eabi-7-2017-q4-major/bin/../lib/gcc/arm-none-eabi/7.2.1/../../../../arm-none-eabi/lib/thumb/v7-m/libc_nano.a(lib_a-init.o)
                              /opt/gcc-arm-none-eabi-7-2017-q4-major/bin/../lib/gcc/arm-none-eabi/7.2.1/../../../../arm-none-eabi/lib/thumb/v7-m/crt0.o (__libc_init_array)
/opt/gcc-arm-none-eabi-7-2017-q4-major/bin/../lib/gcc/arm-none-eabi/7.2.1/../../../../arm-none-eabi/lib/thumb/v7-m/libc_nano.a(lib_a-memset.o)
                              /opt/gcc-arm-none-eabi-7-2017-q4-major/bin/../lib/gcc/arm-none-eabi/7.2.1/../../../../arm-none-eabi/lib/thumb/v7-m/crt0.o (memset)
/opt/gcc-arm-none-eabi-7-2017-q4-major/bin/../lib/gcc/arm-none-eabi/7.2.1/../../../../arm-none-eabi/lib/thumb/v7-m/libc_nano.a(lib_a-strcpy.o)
                              ./HARDWARE/command.o (strcpy)
/opt/gcc-arm-none-eabi-7-2017-q4-major/bin/../lib/gcc/arm-none-eabi/7.2.1/../../../../arm-none-eabi/lib/thumb/v7-m/libc_nano.a(lib_a-strncmp.o)
                              ./HARDWARE/command.o (strncmp)
/opt/gcc-arm-none-eabi-7-2017-q4-major/bin/../lib/gcc/arm-none-eabi/7.2.1/thumb/v7-m/libgcc.a(_arm_addsubdf3.o)
                              ./USER/main.o (__aeabi_i2d)
/opt/gcc-arm-none-eabi-7-2017-q4-major/bin/../lib/gcc/arm-none-eabi/7.2.1/thumb/v7-m/libgcc.a(_arm_muldivdf3.o)
                              ./USER/main.o (__aeabi_dmul)
/opt/gcc-arm-none-eabi-7-2017-q4-major/bin/../lib/gcc/arm-none-eabi/7.2.1/thumb/v7-m/libgcc.a(_arm_fixunsdfsi.o)
                              ./USER/main.o (__aeabi_d2uiz)
/opt/gcc-arm-none-eabi-7-2017-q4-major/bin/../lib/gcc/arm-none-eabi/7.2.1/../../../../arm-none-eabi/lib/thumb/v7-m/libnosys.a(_exit.o)
                              /opt/gcc-arm-none-eabi-7-2017-q4-major/bin/../lib/gcc/arm-none-eabi/7.2.1/../../../../arm-none-eabi/lib/thumb/v7-m/libc_nano.a(lib_a-exit.o) (_exit)

Allocating common symbols
Common symbol       size              file

ad                  0x4               ./USER/main.o
KeyLongFlag         0x1               ./USER/main.o
KeyUpFlag           0x1               ./USER/stm32f10x_it.o
CmdRecvOKUart2      0x1               ./USER/main.o
DAC_I_Q             0x14              ./USER/main.o
DelayModeEn         0x1               ./USER/main.o
AdcDataAV           0x2               ./USER/main.o
CmdRecvOKUart4      0x1               ./USER/main.o
HMCBuf              0x1               ./USER/main.o
MoveInitialEn       0x1               ./USER/main.o
System_ID           0xc               ./USER/main.o
CmdRxEndUart4       0x1               ./USER/main.o
CmdRxTempUart2      0x1               ./USER/main.o
CmdRxBufferUart4    0x14              ./USER/main.o
TestModeEn          0x1               ./USER/main.o
KeyFallFlag         0x1               ./USER/stm32f10x_it.o
CmdRxTempUart4      0x1               ./USER/main.o
CmdLFUart4          0x1               ./USER/main.o
CmdRxBufferUart1    0x14              ./USER/main.o
CmdRxEndUart1       0x1               ./USER/main.o
CmdRxEndUart2       0x1               ./USER/main.o
AdcDataQSum         0x4               ./USER/main.o
KeyUpCnt            0x1               ./USER/stm32f10x_it.o
SignalPoint         0x1               ./USER/main.o
CmdRecvOKUart1      0x1               ./USER/main.o
KeyDownFlag         0x1               ./USER/stm32f10x_it.o
CmdRxStartUart2     0x1               ./USER/main.o
PLLBuf              0x3               ./USER/main.o
SystemCheck         0x1               ./USER/main.o
AdcDataQAV          0x2               ./USER/main.o
DACBuf              0x2               ./USER/main.o
SpiRxIdx            0x2               ./USER/main.o
CmdRxTempUart1      0x1               ./USER/main.o
CmdLFUart1          0x1               ./USER/main.o
PGABuf              0x2               ./USER/main.o
TxBuffer            0x28              ./USER/main.o
CmdLFUart2          0x1               ./USER/main.o
KeyHoldMs           0x1               ./USER/stm32f10x_it.o
KeyDoubleFlag       0x1               ./USER/stm32f10x_it.o
CmdRxStartUart1     0x1               ./USER/main.o
SignalModeEn        0x1               ./USER/main.o
SpiTxBuf            0x4               ./USER/main.o
KeyShortFlag        0x1               ./USER/stm32f10x_it.o
MoveFlag            0x1               ./USER/main.o
[...]
Memory Configuration

Name             Origin             Length             Attributes
FLASH            0x0000000008000000 0x0000000000040000 xr
RAM              0x0000000020000000 0x0000000000010000 xrw
MEMORY_B1        0x0000000060000000 0x0000000000000000 xr
*default*        0x0000000000000000 0xffffffffffffffff

Linker script and memory map

LOAD /opt/gcc-arm-none-eabi-7-2017-q4-major/bin/../lib/gcc/arm-none-eabi/7.2.1/thumb/v7-m/crti.o
LOAD /opt/gcc-arm-none-eabi-7-2017-q4-major/bin/../lib/gcc/arm-none-eabi/7.2.1/thumb/v7-m/crtbegin.o
LOAD /opt/gcc-arm-none-eabi-7-2017-q4-major/bin/../lib/gcc/arm-none-eabi/7.2.1/../../../../arm-none-eabi/lib/thumb/v7-m/crt0.o
LOAD ./CORE/core_cm3.o
LOAD ./SYSTEM/src/stm32f10x_wwdg.o
LOAD ./SYSTEM/src/stm32f10x_exti.o
LOAD ./SYSTEM/src/stm32f10x_crc.o
LOAD ./SYSTEM/src/stm32f10x_gpio.o
LOAD ./SYSTEM/src/stm32f10x_cec.o
LOAD ./SYSTEM/src/stm32f10x_flash.o
LOAD ./SYSTEM/src/stm32f10x_dbgmcu.o
LOAD ./SYSTEM/src/stm32f10x_rcc.o
LOAD ./SYSTEM/src/stm32f10x_rtc.o
LOAD ./SYSTEM/src/stm32f10x_can.o
LOAD ./SYSTEM/src/stm32f10x_tim.o
LOAD ./SYSTEM/src/stm32f10x_dac.o
LOAD ./SYSTEM/src/stm32f10x_usart.o
LOAD ./SYSTEM/src/stm32f10x_iwdg.o
LOAD ./SYSTEM/src/stm32f10x_pwr.o
LOAD ./SYSTEM/src/stm32f10x_i2c.o
LOAD ./SYSTEM/src/stm32f10x_adc.o
LOAD ./SYSTEM/src/stm32f10x_fsmc.o
LOAD ./SYSTEM/src/misc.o
LOAD ./SYSTEM/src/stm32f10x_spi.o
LOAD ./SYSTEM/src/stm32f10x_dma.o
LOAD ./SYSTEM/src/stm32f10x_bkp.o
LOAD ./SYSTEM/src/stm32f10x_sdio.o
LOAD ./USER/system_stm32f10x.o
LOAD ./USER/main.o
LOAD ./USER/public.o
LOAD ./USER/stm32f10x_it.o
LOAD ./HARDWARE/itr.o
LOAD ./HARDWARE/rs485.o
LOAD ./HARDWARE/led.o
LOAD ./HARDWARE/radio.o
LOAD ./HARDWARE/usart.o
LOAD ./HARDWARE/command.o
LOAD ./HARDWARE/move.o
LOAD ./HARDWARE/systick.o
LOAD ./HARDWARE/spi_flash.o
LOAD ./HARDWARE/spi.o
LOAD ./HARDWARE/encoder.o
LOAD ./HARDWARE/time.o
LOAD ./HARDWARE/exti.o
LOAD ./HARDWARE/calculate.o
LOAD ./HARDWARE/autoscan.o
LOAD ./HARDWARE/adc.o
LOAD ./HARDWARE/wifi.o
LOAD ./HARDWARE/translate.o
LOAD ./HARDWARE/system_id.o
LOAD ./HARDWARE/system.o
LOAD ./HARDWARE/calibration.o
LOAD ./CORE/startup_stm32f10x_hd.o
START GROUP
LOAD /opt/gcc-arm-none-eabi-7-2017-q4-major/bin/../lib/gcc/arm-none-eabi/7.2.1/../../../../arm-none-eabi/lib/thumb/v7-m/libc_nano.a
LOAD /opt/gcc-arm-none-eabi-7-2017-q4-major/bin/../lib/gcc/arm-none-eabi/7.2.1/../../../../arm-none-eabi/lib/thumb/v7-m/libm.a
END GROUP
                0x0000000000000080                malloc_getpagesize_P = 0x80
START GROUP
LOAD /opt/gcc-arm-none-eabi-7-2017-q4-major/bin/../lib/gcc/arm-none-eabi/7.2.1/thumb/v7-m/libgcc.a
LOAD /opt/gcc-arm-none-eabi-7-2017-q4-major/bin/../lib/gcc/arm-none-eabi/7.2.1/../../../../arm-none-eabi/lib/thumb/v7-m/libc_nano.a
END GROUP
START GROUP
LOAD /opt/gcc-arm-none-eabi-7-2017-q4-major/bin/../lib/gcc/arm-none-eabi/7.2.1/thumb/v7-m/libgcc.a
LOAD /opt/gcc-arm-none-eabi-7-2017-q4-major/bin/../lib/gcc/arm-none-eabi/7.2.1/../../../../arm-none-eabi/lib/thumb/v7-m/libc_nano.a
LOAD /opt/gcc-arm-none-eabi-7-2017-q4-major/bin/../lib/gcc/arm-none-eabi/7.2.1/../../../../arm-none-eabi/lib/thumb/v7-m/libnosys.a
END GROUP
START GROUP
LOAD /opt/gcc-arm-none-eabi-7-2017-q4-major/bin/../lib/gcc/arm-none-eabi/7.2.1/thumb/v7-m/libgcc.a
LOAD /opt/gcc-arm-none-eabi-7-2017-q4-major/bin/../lib/gcc/arm-none-eabi/7.2.1/../../../../arm-none-eabi/lib/thumb/v7-m/libc_nano.a
LOAD /opt/gcc-arm-none-eabi-7-2017-q4-major/bin/../lib/gcc/arm-none-eabi/7.2.1/../../../../arm-none-eabi/lib/thumb/v7-m/libnosys.a
END GROUP
LOAD /opt/gcc-arm-none-eabi-7-2017-q4-major/bin/../lib/gcc/arm-none-eabi/7.2.1/thumb/v7-m/crtend.o
LOAD /opt/gcc-arm-none-eabi-7-2017-q4-major/bin/../lib/gcc/arm-none-eabi/7.2.1/thumb/v7-m/crtn.o
                0x0000000020010000                _estack = 0x20010000
                0x0000000000000000                _Min_Heap_Size = 0x0
                0x0000000000000200                _Min_Stack_Size = 0x200

.isr_vector     0x0000000008000000      0x1e4
                0x0000000008000000                . = ALIGN (0x4)
 *(.isr_vector)
 .isr_vector    0x0000000008000000      0x1e4 ./CORE/startup_stm32f10x_hd.o
                0x0000000008000000                g_pfnVectors
                0x00000000080001e4                . = ALIGN (0x4)

.eh_frame       0x00000000080001e4        0x0
 .eh_frame      0x00000000080001e4        0x0 /opt/gcc-arm-none-eabi-7-2017-q4-major/bin/../lib/gcc/arm-none-eabi/7.2.1/thumb/v7-m/crtbegin.o

.text           0x00000000080001e8     0x9b58
                0x00000000080001e8                . = ALIGN (0x4)
 *(.text)
 .text          0x00000000080001e8       0x40 /opt/gcc-arm-none-eabi-7-2017-q4-major/bin/../lib/gcc/arm-none-eabi/7.2.1/thumb/v7-m/crtbegin.o
 .text          0x0000000008000228      0x218 ./SYSTEM/src/stm32f10x_exti.o
                0x0000000008000228                EXTI_DeInit
                0x000000000800025c                EXTI_Init
                0x0000000008000340                EXTI_StructInit
                0x000000000800036a                EXTI_GenerateSWInterrupt
                0x000000000800038c                EXTI_GetFlagStatus
                0x00000000080003c0                EXTI_ClearFlag
                0x00000000080003dc                EXTI_GetITStatus
                0x0000000008000424                EXTI_ClearITPendingBit
 .text          0x0000000008000440      0x5d8 ./SYSTEM/src/stm32f10x_gpio.o
                0x0000000008000440                GPIO_DeInit
                0x0000000008000524                GPIO_AFIODeInit
                0x000000000800053c                GPIO_Init
                0x00000000080006b4                GPIO_StructInit
                0x00000000080006da                GPIO_ReadInputDataBit
                0x000000000800070c                GPIO_ReadInputData
                0x0000000008000724                GPIO_ReadOutputDataBit
                0x0000000008000756                GPIO_ReadOutputData
                0x000000000800076e                GPIO_SetBits
                0x000000000800078a                GPIO_ResetBits
                0x00000000080007a6                GPIO_WriteBit
                0x00000000080007d4                GPIO_Write
                0x00000000080007f0                GPIO_PinLockConfig
                0x0000000008000832                GPIO_EventOutputConfig
                0x000000000800087c                GPIO_EventOutputCmd
                0x000000000800089c                GPIO_PinRemapConfig
                0x000000000800097c                GPIO_EXTILineConfig
                0x00000000080009fc                GPIO_ETH_MediaInterfaceConfig
 .text          0x0000000008000a18      0x7d0 ./SYSTEM/src/stm32f10x_rcc.o
                0x0000000008000a18                RCC_DeInit
                0x0000000008000a74                RCC_HSEConfig
                0x0000000008000ad0                RCC_WaitForHSEStartUp
                0x0000000008000b20                RCC_AdjustHSICalibrationValue
                0x0000000008000b5c                RCC_HSICmd
                0x0000000008000b7c                RCC_PLLConfig
                0x0000000008000bb8                RCC_PLLCmd
                0x0000000008000bd8                RCC_SYSCLKConfig
                0x0000000008000c10                RCC_GetSYSCLKSource
                0x0000000008000c2c                RCC_HCLKConfig
                0x0000000008000c64                RCC_PCLK1Config
                0x0000000008000c9c                RCC_PCLK2Config
                0x0000000008000cd4                RCC_ITConfig
                0x0000000008000d20                RCC_USBCLKConfig
                0x0000000008000d3c                RCC_ADCCLKConfig
                0x0000000008000d74                RCC_LSEConfig
                0x0000000008000db4                RCC_LSICmd
                0x0000000008000dd4                RCC_RTCCLKConfig
                0x0000000008000df8                RCC_RTCCLKCmd
                0x0000000008000e18                RCC_GetClocksFreq
                0x0000000008000f78                RCC_AHBPeriphClockCmd
                0x0000000008000fb4                RCC_APB2PeriphClockCmd
                0x0000000008000ff0                RCC_APB1PeriphClockCmd
                0x000000000800102c                RCC_APB2PeriphResetCmd
                0x0000000008001068                RCC_APB1PeriphResetCmd
                0x00000000080010a4                RCC_BackupResetCmd
                0x00000000080010c4                RCC_ClockSecuritySystemCmd
                0x00000000080010e4                RCC_MCOConfig
                0x0000000008001104                RCC_GetFlagStatus
                0x0000000008001178                RCC_ClearFlag
                0x0000000008001194                RCC_GetITStatus
                0x00000000080011c8                RCC_ClearITPendingBit
 .text          0x00000000080011e8     0x1d90 ./SYSTEM/src/stm32f10x_tim.o
                0x00000000080011e8                TIM_DeInit
                0x0000000008001414                TIM_TimeBaseInit
                0x000000000800150c                TIM_OC1Init
                0x0000000008001624                TIM_OC2Init
                0x0000000008001734                TIM_OC3Init
                0x0000000008001840                TIM_OC4Init
                0x0000000008001910                TIM_ICInit
                0x00000000080019b8                TIM_PWMIConfig
                0x0000000008001a70                TIM_BDTRConfig
                0x0000000008001abe                TIM_TimeBaseStructInit
                0x0000000008001af0                TIM_OCStructInit
                0x0000000008001b32                TIM_ICStructInit
                0x0000000008001b62                TIM_BDTRStructInit
                0x0000000008001b9e                TIM_Cmd
                0x0000000008001bdc                TIM_CtrlPWMOutputs
                0x0000000008001c26                TIM_ITConfig
                0x0000000008001c6c                TIM_GenerateEvent
                0x0000000008001c88                TIM_DMAConfig
                0x0000000008001cb0                TIM_DMACmd
                0x0000000008001cf6                TIM_InternalClockConfig
                0x0000000008001d18                TIM_ITRxExternalClockConfig
                0x0000000008001d46                TIM_TIxExternalClockConfig
                0x0000000008001da2                TIM_ETRClockMode1Config
                0x0000000008001e00                TIM_ETRClockMode2Config
                0x0000000008001e3e                TIM_ETRConfig
                0x0000000008001e90                TIM_PrescalerConfig
                0x0000000008001eb6                TIM_CounterModeConfig
                0x0000000008001eec                TIM_SelectInputTrigger
                0x0000000008001f22                TIM_EncoderInterfaceConfig
                0x0000000008001fb8                TIM_ForcedOC1Config
                0x0000000008001fee                TIM_ForcedOC2Config
                0x0000000008002028                TIM_ForcedOC3Config
                0x000000000800205e                TIM_ForcedOC4Config
                0x0000000008002098                TIM_ARRPreloadConfig
                0x00000000080020d6                TIM_SelectCOM
                0x0000000008002114                TIM_SelectCCDMA
                0x0000000008002152                TIM_CCPreloadControl
                0x0000000008002190                TIM_OC1PreloadConfig
                0x00000000080021c6                TIM_OC2PreloadConfig
                0x0000000008002200                TIM_OC3PreloadConfig
                0x0000000008002236                TIM_OC4PreloadConfig
                0x0000000008002270                TIM_OC1FastConfig
                0x00000000080022a6                TIM_OC2FastConfig
                0x00000000080022e0                TIM_OC3FastConfig
                0x0000000008002316                TIM_OC4FastConfig
                0x0000000008002350                TIM_ClearOC1Ref
                0x0000000008002386                TIM_ClearOC2Ref
                0x00000000080023c0                TIM_ClearOC3Ref
                0x00000000080023f6                TIM_ClearOC4Ref
                0x0000000008002430                TIM_OC1PolarityConfig
                0x0000000008002466                TIM_OC1NPolarityConfig
                0x000000000800249c                TIM_OC2PolarityConfig
                0x00000000080024d6                TIM_OC2NPolarityConfig
                0x0000000008002510                TIM_OC3PolarityConfig
                0x000000000800254a                TIM_OC3NPolarityConfig
                0x0000000008002584                TIM_OC4PolarityConfig
                0x00000000080025be                TIM_CCxCmd
                0x0000000008002612                TIM_CCxNCmd
                0x0000000008002666                TIM_SelectOCxM
                0x0000000008002714                TIM_UpdateDisableConfig
                0x0000000008002752                TIM_UpdateRequestConfig
                0x0000000008002790                TIM_SelectHallSensor
                0x00000000080027ce                TIM_SelectOnePulseMode
                0x0000000008002804                TIM_SelectOutputTrigger
                0x000000000800283a                TIM_SelectSlaveMode
                0x0000000008002870                TIM_SelectMasterSlaveMode
                0x00000000080028a6                TIM_SetCounter
                0x00000000080028c2                TIM_SetAutoreload
                0x00000000080028de                TIM_SetCompare1
                0x00000000080028fa                TIM_SetCompare2
                0x0000000008002916                TIM_SetCompare3
                0x0000000008002932                TIM_SetCompare4
                0x0000000008002950                TIM_SetIC1Prescaler
                0x0000000008002986                TIM_SetIC2Prescaler
                0x00000000080029c0                TIM_SetIC3Prescaler
                0x00000000080029f6                TIM_SetIC4Prescaler
                0x0000000008002a30                TIM_SetClockDivision
                0x0000000008002a66                TIM_GetCapture1
                0x0000000008002a7e                TIM_GetCapture2
                0x0000000008002a96                TIM_GetCapture3
                0x0000000008002aae                TIM_GetCapture4
                0x0000000008002ac8                TIM_GetCounter
                0x0000000008002ae0                TIM_GetPrescaler
                0x0000000008002af8                TIM_GetFlagStatus
                0x0000000008002b2e                TIM_ClearFlag
                0x0000000008002b4e                TIM_GetITStatus
                0x0000000008002ba0                TIM_ClearITPendingBit
 .text          0x0000000008002f78      0x8dc ./SYSTEM/src/stm32f10x_usart.o
                0x0000000008002f78                USART_DeInit
                0x0000000008003030                USART_Init
                0x00000000080031a4                USART_StructInit
                0x00000000080031dc                USART_ClockInit
                0x0000000008003232                USART_ClockStructInit
                0x000000000800325c                USART_Cmd
                0x000000000800329a                USART_ITConfig
                0x0000000008003328                USART_DMACmd
                0x000000000800336e                USART_SetAddress
                0x00000000080033a6                USART_WakeUpConfig
                0x00000000080033dc                USART_ReceiverWakeUpCmd
                0x000000000800341a                USART_LINBreakDetectLengthConfig
                0x0000000008003450                USART_LINCmd
                0x000000000800348e                USART_SendData
                0x00000000080034b0                USART_ReceiveData
                0x00000000080034ce                USART_SendBreak
                0x00000000080034f0                USART_SetGuardTime
                0x000000000800352a                USART_SetPrescaler
                0x0000000008003562                USART_SmartCardCmd
                0x00000000080035a0                USART_SmartCardNACKCmd
                0x00000000080035de                USART_HalfDuplexCmd
                0x000000000800361c                USART_OverSampling8Cmd
                0x000000000800365e                USART_OneBitMethodCmd
                0x000000000800369c                USART_IrDAConfig
                0x00000000080036d2                USART_IrDACmd
                0x0000000008003710                USART_GetFlagStatus
                0x0000000008003746                USART_ClearFlag
                0x0000000008003766                USART_GetITStatus
                0x000000000800381a                USART_ClearITPendingBit
 .text          0x0000000008003854      0xa00 ./SYSTEM/src/stm32f10x_adc.o
                0x0000000008003854                ADC_DeInit
                0x00000000080038c8                ADC_Init
                0x000000000800396c                ADC_StructInit
                0x00000000080039a2                ADC_Cmd
                0x00000000080039d8                ADC_DMACmd
                0x0000000008003a0e                ADC_ITConfig
                0x0000000008003a52                ADC_ResetCalibration
                0x0000000008003a70                ADC_GetResetCalibrationStatus
                0x0000000008003a9e                ADC_StartCalibration
                0x0000000008003abc                ADC_GetCalibrationStatus
                0x0000000008003aea                ADC_SoftwareStartConvCmd
                0x0000000008003b20                ADC_GetSoftwareStartConvStatus
                0x0000000008003b4e                ADC_DiscModeChannelCountConfig
                0x0000000008003b90                ADC_DiscModeCmd
                0x0000000008003bc6                ADC_RegularChannelConfig
                0x0000000008003d58                ADC_ExternalTrigConvCmd
                0x0000000008003d8e                ADC_GetConversionValue
                0x0000000008003da6                ADC_GetDualModeConversionValue
                0x0000000008003dbc                ADC_AutoInjectedConvCmd
                0x0000000008003df2                ADC_InjectedDiscModeCmd
                0x0000000008003e28                ADC_ExternalTrigInjectedConvConfig
                0x0000000008003e5c                ADC_ExternalTrigInjectedConvCmd
                0x0000000008003e92                ADC_SoftwareStartInjectedConvCmd
                0x0000000008003ec8                ADC_GetSoftwareStartInjectedConvCmdStatus
                0x0000000008003ef6                ADC_InjectedChannelConfig
                0x0000000008004016                ADC_InjectedSequencerLengthConfig
                0x0000000008004058                ADC_SetInjectedOffset
                0x000000000800408a                ADC_GetInjectedConversionValue
                0x00000000080040b8                ADC_AnalogWatchdogCmd
                0x00000000080040f0                ADC_AnalogWatchdogThresholdsConfig
                0x0000000008004116                ADC_AnalogWatchdogSingleChannelConfig
                0x000000000800414c                ADC_TempSensorVrefintCmd
                0x0000000008004184                ADC_GetFlagStatus
                0x00000000080041b6                ADC_ClearFlag
                0x00000000080041d4                ADC_GetITStatus
                0x0000000008004228                ADC_ClearITPendingBit
 .text          0x0000000008004254      0x18c ./SYSTEM/src/misc.o
                0x0000000008004254                NVIC_PriorityGroupConfig
                0x0000000008004278                NVIC_Init
                0x000000000800433c                NVIC_SetVectorTable
                0x0000000008004368                NVIC_SystemLPConfig
                0x00000000080043a8                SysTick_CLKSourceConfig
 .text          0x00000000080043e0      0x6d0 ./SYSTEM/src/stm32f10x_spi.o
                0x00000000080043e0                SPI_I2S_DeInit
                0x0000000008004454                SPI_Init
                0x00000000080044da                I2S_Init
                0x0000000008004640                SPI_StructInit
                0x0000000008004688                I2S_StructInit
                0x00000000080046be                SPI_Cmd
                0x00000000080046fc                I2S_Cmd
                0x000000000800473a                SPI_I2S_ITConfig
                0x000000000800479a                SPI_I2S_DMACmd
                0x00000000080047e0                SPI_I2S_SendData
                0x00000000080047fc                SPI_I2S_ReceiveData
                0x0000000008004814                SPI_NSSInternalSoftwareConfig
                0x0000000008004856                SPI_SSOutputCmd
                0x0000000008004894                SPI_DataSizeConfig
                0x00000000080048ca                SPI_TransmitCRC
                0x00000000080048ec                SPI_CalculateCRC
                0x000000000800492a                SPI_GetCRC
                0x000000000800495a                SPI_GetCRCPolynomial
                0x0000000008004972                SPI_BiDirectionalLineConfig
                0x00000000080049b2                SPI_I2S_GetFlagStatus
                0x00000000080049e8                SPI_I2S_ClearFlag
                0x0000000008004a08                SPI_I2S_GetITStatus
                0x0000000008004a7c                SPI_I2S_ClearITPendingBit
 .text          0x0000000008004ab0      0x24c ./USER/system_stm32f10x.o
                0x0000000008004ab0                SystemInit
                0x0000000008004b18                SystemCoreClockUpdate
 *fill*         0x0000000008004cfc        0x4 
 .text          0x0000000008004d00      0x1e0 ./USER/main.o
                0x0000000008004d00                main
 .text          0x0000000008004ee0      0x404 ./USER/stm32f10x_it.o
                0x0000000008004ee0                NMI_Handler
                0x0000000008004eec                TIM2_IRQHandler
                0x0000000008004ef8                TIM3_IRQHandler
                0x00000000080050a0                EXTI1_IRQHandler
                0x0000000008005108                EXTI3_IRQHandler
                0x0000000008005134                EXTI9_5_IRQHandler
                0x0000000008005178                EXTI15_10_IRQHandler
                0x00000000080051dc                USART1_IRQHandler
                0x000000000800521c                USART2_IRQHandler
                0x000000000800525c                UART4_IRQHandler
                0x000000000800529c                HardFault_Handler
                0x00000000080052a2                MemManage_Handler
                0x00000000080052a8                BusFault_Handler
                0x00000000080052ae                UsageFault_Handler
                0x00000000080052b4                DebugMon_Handler
                0x00000000080052c0                SVC_Handler
                0x00000000080052cc                PendSV_Handler
                0x00000000080052d8                SysTick_Handler
 .text          0x00000000080052e4      0x154 ./HARDWARE/rs485.o
                0x00000000080052e4                rs485_init
                0x00000000080053c8                Usart_SendString
                0x0000000008005400                Usart_SendStr_length
 .text          0x0000000008005438       0xc8 ./HARDWARE/led.o
                0x0000000008005438                LED_Init
 .text          0x0000000008005500      0x1f4 ./HARDWARE/radio.o
                0x0000000008005500                setPLL
                0x0000000008005560                setDAC
                0x000000000800559c                setPGA
                0x00000000080055d8                readADC
                0x0000000008005624                meanAD
                0x00000000080056a4                setHMC
 .text          0x00000000080056f4       0x90 ./HARDWARE/usart.o
                0x00000000080056f4                usart_init
 .text          0x0000000008005784      0x9d4 ./HARDWARE/command.o
                0x0000000008005784                CommandResolution
                0x0000000008005f60                CommandRxEndUart1
                0x0000000008005ff4                CommandRxEndUart2
                0x0000000008006088                CommandRxEndUart4
                0x000000000800610c                CommandBufferClear
 .text          0x0000000008006158      0x784 ./HARDWARE/move.o
                0x0000000008006158                move_2mm
                0x0000000008006700                move_5mm
 .text          0x00000000080068dc       0xcc ./HARDWARE/systick.o
                0x00000000080068dc                delay_us
                0x0000000008006930                delay_ms
                0x0000000008006988                delay_ns
 .text          0x00000000080069a8      0x2d4 ./HARDWARE/spi_flash.o
                0x00000000080069a8                SPIx_FLASH_Init
                0x0000000008006a20                SPI1_FLASH_Init
                0x0000000008006a7c                SPI2_FLASH_Init
                0x0000000008006ae0                SPIx_FLASH_SendByte
                0x0000000008006b68                SPI1_FLASH_SendByte
                0x0000000008006bec                SPI2_FLASH_SendByte
 .text          0x0000000008006c7c       0xc8 ./HARDWARE/spi.o
                0x0000000008006c7c                SPI2_Config
                0x0000000008006cf8                SPI2_WriteReadData
 .text          0x0000000008006d44       0xac ./HARDWARE/encoder.o
                0x0000000008006d44                encoder_init
 .text          0x0000000008006df0       0xae ./HARDWARE/calculate.o
                0x0000000008006df0                char2hex
                0x0000000008006e6a                pow2
 *fill*         0x0000000008006e9e        0x2 
 .text          0x0000000008006ea0       0xe0 ./HARDWARE/adc.o
                0x0000000008006ea0                adc_init
                0x0000000008006f3c                Get_Adc
 .text          0x0000000008006f80       0x98 ./HARDWARE/wifi.o
                0x0000000008006f80                wifi_init
 .text          0x0000000008007018     0x1a64 ./HARDWARE/translate.o
                0x0000000008007018                transdata
                0x00000000080074c4                transdata_point
                0x0000000008007904                transdata_reverse
                0x0000000008007da8                transdata_t
                0x0000000008008254                transdata_point_t
                0x000000000800865c                transdata_point_p1
                0x0000000008008968                transdata_point_p2
 .text          0x0000000008008a7c       0xf8 ./HARDWARE/system_id.o
                0x0000000008008a7c                ReadSystemID
                0x0000000008008ac4                CheckSystemID
 .text          0x0000000008008b74      0x220 ./HARDWARE/system.o
                0x0000000008008b74                RCC_Configuration
                0x0000000008008baa                sys_rst
                0x0000000008008d04                NVIC_Configuartion
 .text          0x0000000008008d94      0x59c ./HARDWARE/calibration.o
                0x0000000008008d94                calibration
 .text          0x0000000008009330      0x378 /opt/gcc-arm-none-eabi-7-2017-q4-major/bin/../lib/gcc/arm-none-eabi/7.2.1/thumb/v7-m/libgcc.a(_arm_addsubdf3.o)
                0x0000000008009330                __aeabi_drsub
                0x0000000008009338                __aeabi_dsub
                0x0000000008009338                __subdf3
                0x000000000800933c                __adddf3
                0x000000000800933c                __aeabi_dadd
                0x00000000080095b4                __aeabi_ui2d
                0x00000000080095b4                __floatunsidf
                0x00000000080095d4                __floatsidf
                0x00000000080095d4                __aeabi_i2d
                0x00000000080095f8                __extendsfdf2
                0x00000000080095f8                __aeabi_f2d
                0x000000000800963c                __aeabi_ul2d
                0x000000000800963c                __floatundidf
                0x000000000800964c                __floatdidf
                0x000000000800964c                __aeabi_l2d
 .text          0x00000000080096a8      0x424 /opt/gcc-arm-none-eabi-7-2017-q4-major/bin/../lib/gcc/arm-none-eabi/7.2.1/thumb/v7-m/libgcc.a(_arm_muldivdf3.o)
                0x00000000080096a8                __aeabi_dmul
                0x00000000080096a8                __muldf3
                0x00000000080098fc                __aeabi_ddiv
                0x00000000080098fc                __divdf3
 .text          0x0000000008009acc       0x40 /opt/gcc-arm-none-eabi-7-2017-q4-major/bin/../lib/gcc/arm-none-eabi/7.2.1/thumb/v7-m/libgcc.a(_arm_fixunsdfsi.o)
                0x0000000008009acc                __fixunsdfsi
                0x0000000008009acc                __aeabi_d2uiz
 *(.text*)
 .text.Reset_Handler
                0x0000000008009b0c       0x44 ./CORE/startup_stm32f10x_hd.o
                0x0000000008009b0c                Reset_Handler
 .text.Default_Handler
                0x0000000008009b50        0x2 ./CORE/startup_stm32f10x_hd.o
                0x0000000008009b50                EXTI2_IRQHandler
                0x0000000008009b50                TIM8_TRG_COM_IRQHandler
                0x0000000008009b50                TIM8_CC_IRQHandler
                0x0000000008009b50                TIM1_CC_IRQHandler
                0x0000000008009b50                TIM6_IRQHandler
                0x0000000008009b50                PVD_IRQHandler
                0x0000000008009b50                SDIO_IRQHandler
                0x0000000008009b50                EXTI0_IRQHandler
                0x0000000008009b50                I2C2_EV_IRQHandler
                0x0000000008009b50                ADC1_2_IRQHandler
                0x0000000008009b50                SPI1_IRQHandler
                0x0000000008009b50                TAMPER_IRQHandler
                0x0000000008009b50                TIM8_UP_IRQHandler
                0x0000000008009b50                DMA2_Channel2_IRQHandler
                0x0000000008009b50                DMA1_Channel4_IRQHandler
                0x0000000008009b50                USART3_IRQHandler
                0x0000000008009b50                RTC_IRQHandler
                0x0000000008009b50                DMA1_Channel7_IRQHandler
                0x0000000008009b50                CAN1_RX1_IRQHandler
                0x0000000008009b50                UART5_IRQHandler
                0x0000000008009b50                ADC3_IRQHandler
                0x0000000008009b50                TIM4_IRQHandler
                0x0000000008009b50                DMA2_Channel1_IRQHandler
                0x0000000008009b50                I2C1_EV_IRQHandler
                0x0000000008009b50                DMA1_Channel6_IRQHandler
                0x0000000008009b50                RCC_IRQHandler
                0x0000000008009b50                TIM1_TRG_COM_IRQHandler
                0x0000000008009b50                DMA1_Channel1_IRQHandler
                0x0000000008009b50                Default_Handler
                0x0000000008009b50                TIM7_IRQHandler
                0x0000000008009b50                TIM5_IRQHandler
                0x0000000008009b50                SPI2_IRQHandler
                0x0000000008009b50                DMA1_Channel5_IRQHandler
                0x0000000008009b50                EXTI4_IRQHandler
                0x0000000008009b50                USB_LP_CAN1_RX0_IRQHandler
                0x0000000008009b50                USB_HP_CAN1_TX_IRQHandler
                0x0000000008009b50                DMA1_Channel3_IRQHandler
                0x0000000008009b50                FSMC_IRQHandler
                0x0000000008009b50                TIM1_UP_IRQHandler
                0x0000000008009b50                WWDG_IRQHandler
                0x0000000008009b50                TIM1_BRK_IRQHandler
                0x0000000008009b50                RTCAlarm_IRQHandler
                0x0000000008009b50                DMA2_Channel4_5_IRQHandler
                0x0000000008009b50                I2C2_ER_IRQHandler
                0x0000000008009b50                DMA1_Channel2_IRQHandler
                0x0000000008009b50                TIM8_BRK_IRQHandler
                0x0000000008009b50                CAN1_SCE_IRQHandler
                0x0000000008009b50                FLASH_IRQHandler
                0x0000000008009b50                SPI3_IRQHandler
                0x0000000008009b50                I2C1_ER_IRQHandler
                0x0000000008009b50                USBWakeUp_IRQHandler
                0x0000000008009b50                DMA2_Channel3_IRQHandler
 .text.strcpy   0x0000000008009b52       0x10 /opt/gcc-arm-none-eabi-7-2017-q4-major/bin/../lib/gcc/arm-none-eabi/7.2.1/../../../../arm-none-eabi/lib/thumb/v7-m/libc_nano.a(lib_a-strcpy.o)
                0x0000000008009b52                strcpy
 .text.strncmp  0x0000000008009b62       0x24 /opt/gcc-arm-none-eabi-7-2017-q4-major/bin/../lib/gcc/arm-none-eabi/7.2.1/../../../../arm-none-eabi/lib/thumb/v7-m/libc_nano.a(lib_a-strncmp.o)
                0x0000000008009b62                strncmp
 *(.rodata)
 *fill*         0x0000000008009b86        0x2 
 .rodata        0x0000000008009b88        0x8 ./USER/stm32f10x_it.o
 .rodata        0x0000000008009b90      0x142 ./HARDWARE/command.o
 *fill*         0x0000000008009cd2        0x2 
 .rodata        0x0000000008009cd4       0x3d ./HARDWARE/move.o
 *fill*         0x0000000008009d11        0x3 
 .rodata        0x0000000008009d14       0x11 ./HARDWARE/system_id.o
 *(.rodata*)
 *(.glue_7)
 .glue_7        0x0000000008009d25        0x0 linker stubs
 *(.glue_7t)
 .glue_7t       0x0000000008009d25        0x0 linker stubs
 *(.init)
 *fill*         0x0000000008009d25        0x3 
 .init          0x0000000008009d28        0x4 /opt/gcc-arm-none-eabi-7-2017-q4-major/bin/../lib/gcc/arm-none-eabi/7.2.1/thumb/v7-m/crti.o
                0x0000000008009d28                _init
 .init          0x0000000008009d2c        0x8 /opt/gcc-arm-none-eabi-7-2017-q4-major/bin/../lib/gcc/arm-none-eabi/7.2.1/thumb/v7-m/crtn.o
 *(.fini)
 .fini          0x0000000008009d34        0x4 /opt/gcc-arm-none-eabi-7-2017-q4-major/bin/../lib/gcc/arm-none-eabi/7.2.1/thumb/v7-m/crti.o
                0x0000000008009d34                _fini
 .fini          0x0000000008009d38        0x8 /opt/gcc-arm-none-eabi-7-2017-q4-major/bin/../lib/gcc/arm-none-eabi/7.2.1/thumb/v7-m/crtn.o
                0x0000000008009d40                . = ALIGN (0x4)
                0x0000000008009d40                _etext = .

.vfp11_veneer   0x0000000008009d40        0x0
 .vfp11_veneer  0x0000000008009d40        0x0 linker stubs

.v4_bx          0x0000000008009d40        0x0
 .v4_bx         0x0000000008009d40        0x0 linker stubs

.iplt           0x0000000008009d40        0x0
 .iplt          0x0000000008009d40        0x0 /opt/gcc-arm-none-eabi-7-2017-q4-major/bin/../lib/gcc/arm-none-eabi/7.2.1/thumb/v7-m/crtbegin.o

.rel.dyn        0x0000000008009d40        0x0
 .rel.iplt      0x0000000008009d40        0x0 /opt/gcc-arm-none-eabi-7-2017-q4-major/bin/../lib/gcc/arm-none-eabi/7.2.1/thumb/v7-m/crtbegin.o

.ARM.extab
 *(.ARM.extab* .gnu.linkonce.armextab.*)

.ARM            0x0000000008009d40        0x0
                0x0000000008009d40                __exidx_start = .
 *(.ARM.exidx*)
                0x0000000008009d40                __exidx_end = .

.ARM.attributes
                0x0000000008009d40       0x29
 *(.ARM.attributes)
 .ARM.attributes
                0x0000000008009d40       0x1d /opt/gcc-arm-none-eabi-7-2017-q4-major/bin/../lib/gcc/arm-none-eabi/7.2.1/thumb/v7-m/crti.o
 .ARM.attributes
                0x0000000008009d5d       0x2d /opt/gcc-arm-none-eabi-7-2017-q4-major/bin/../lib/gcc/arm-none-eabi/7.2.1/thumb/v7-m/crtbegin.o
 .ARM.attributes
                0x0000000008009d8a       0x33 ./SYSTEM/src/stm32f10x_exti.o
 .ARM.attributes
                0x0000000008009dbd       0x33 ./SYSTEM/src/stm32f10x_gpio.o
 .ARM.attributes
                0x0000000008009df0       0x33 ./SYSTEM/src/stm32f10x_rcc.o
 .ARM.attributes
                0x0000000008009e23       0x33 ./SYSTEM/src/stm32f10x_tim.o
 .ARM.attributes
                0x0000000008009e56       0x33 ./SYSTEM/src/stm32f10x_usart.o
 .ARM.attributes
                0x0000000008009e89       0x33 ./SYSTEM/src/stm32f10x_adc.o
 .ARM.attributes
                0x0000000008009ebc       0x33 ./SYSTEM/src/misc.o
 .ARM.attributes
                0x0000000008009eef       0x33 ./SYSTEM/src/stm32f10x_spi.o
 .ARM.attributes
                0x0000000008009f22       0x33 ./USER/system_stm32f10x.o
 .ARM.attributes
                0x0000000008009f55       0x33 ./USER/main.o
 .ARM.attributes
                0x0000000008009f88       0x33 ./USER/stm32f10x_it.o
 .ARM.attributes
                0x0000000008009fbb       0x33 ./HARDWARE/rs485.o
 .ARM.attributes
                0x0000000008009fee       0x33 ./HARDWARE/led.o
 .ARM.attributes
                0x000000000800a021       0x33 ./HARDWARE/radio.o
 .ARM.attributes
                0x000000000800a054       0x33 ./HARDWARE/usart.o
 .ARM.attributes
                0x000000000800a087       0x33 ./HARDWARE/command.o
 .ARM.attributes
                0x000000000800a0ba       0x33 ./HARDWARE/move.o
 .ARM.attributes
                0x000000000800a0ed       0x33 ./HARDWARE/systick.o
 .ARM.attributes
                0x000000000800a120       0x33 ./HARDWARE/spi_flash.o
 .ARM.attributes
                0x000000000800a153       0x33 ./HARDWARE/spi.o
 .ARM.attributes
                0x000000000800a186       0x33 ./HARDWARE/encoder.o
 .ARM.attributes
                0x000000000800a1b9       0x33 ./HARDWARE/calculate.o
 .ARM.attributes
                0x000000000800a1ec       0x33 ./HARDWARE/adc.o
 .ARM.attributes
                0x000000000800a21f       0x33 ./HARDWARE/wifi.o
 .ARM.attributes
                0x000000000800a252       0x33 ./HARDWARE/translate.o
 .ARM.attributes
                0x000000000800a285       0x33 ./HARDWARE/system_id.o
 .ARM.attributes
                0x000000000800a2b8       0x33 ./HARDWARE/system.o
 .ARM.attributes
                0x000000000800a2eb       0x33 ./HARDWARE/calibration.o
 .ARM.attributes
                0x000000000800a31e       0x21 ./CORE/startup_stm32f10x_hd.o
 .ARM.attributes
                0x000000000800a33f       0x2d /opt/gcc-arm-none-eabi-7-2017-q4-major/bin/../lib/gcc/arm-none-eabi/7.2.1/../../../../arm-none-eabi/lib/thumb/v7-m/libc_nano.a(lib_a-strcpy.o)
 .ARM.attributes
                0x000000000800a36c       0x2d /opt/gcc-arm-none-eabi-7-2017-q4-major/bin/../lib/gcc/arm-none-eabi/7.2.1/../../../../arm-none-eabi/lib/thumb/v7-m/libc_nano.a(lib_a-strncmp.o)
 .ARM.attributes
                0x000000000800a399       0x1d /opt/gcc-arm-none-eabi-7-2017-q4-major/bin/../lib/gcc/arm-none-eabi/7.2.1/thumb/v7-m/libgcc.a(_arm_addsubdf3.o)
 .ARM.attributes
                0x000000000800a3b6       0x1d /opt/gcc-arm-none-eabi-7-2017-q4-major/bin/../lib/gcc/arm-none-eabi/7.2.1/thumb/v7-m/libgcc.a(_arm_muldivdf3.o)
 .ARM.attributes
                0x000000000800a3d3       0x1d /opt/gcc-arm-none-eabi-7-2017-q4-major/bin/../lib/gcc/arm-none-eabi/7.2.1/thumb/v7-m/libgcc.a(_arm_fixunsdfsi.o)
 .ARM.attributes
                0x000000000800a3f0       0x1d /opt/gcc-arm-none-eabi-7-2017-q4-major/bin/../lib/gcc/arm-none-eabi/7.2.1/thumb/v7-m/crtn.o

.preinit_array  0x0000000008009d40        0x0
                0x0000000008009d40                PROVIDE (__preinit_array_start, .)
 *(.preinit_array*)
                0x0000000008009d40                PROVIDE (__preinit_array_end, .)

.init_array     0x0000000008009d40        0x4
                0x0000000008009d40                PROVIDE (__init_array_start, .)
 *(SORT_BY_NAME(.init_array.*))
 *(.init_array*)
 .init_array    0x0000000008009d40        0x4 /opt/gcc-arm-none-eabi-7-2017-q4-major/bin/../lib/gcc/arm-none-eabi/7.2.1/thumb/v7-m/crtbegin.o
                0x0000000008009d44                PROVIDE (__init_array_end, .)

.fini_array     0x0000000008009d44        0x4
                [!provide]                        PROVIDE (__fini_array_start, .)
 *(.fini_array*)
 .fini_array    0x0000000008009d44        0x4 /opt/gcc-arm-none-eabi-7-2017-q4-major/bin/../lib/gcc/arm-none-eabi/7.2.1/thumb/v7-m/crtbegin.o
 *(SORT_BY_NAME(.fini_array.*))
                [!provide]                        PROVIDE (__fini_array_end, .)
                0x0000000008009d48                _sidata = .

.data           0x0000000020000000       0x34 load address 0x0000000008009d48
                0x0000000020000000                . = ALIGN (0x4)
                0x0000000020000000                _sdata = .
 *(.data)
 .data          0x0000000020000000       0x14 ./SYSTEM/src/stm32f10x_rcc.o
 .data          0x0000000020000014       0x14 ./USER/system_stm32f10x.o
                0x0000000020000014                SystemCoreClock
                0x0000000020000018                AHBPrescTable
 .data          0x0000000020000028        0xc ./USER/main.o
                0x0000000020000028                tst_amp
                0x0000000020000029                meantimes
                0x000000002000002a                MoveLength
                0x000000002000002b                MoveFrePoint
                0x000000002000002c                delay
                0x0000000020000030                DAC_I_Default
                0x0000000020000032                DAC_Q_Default
 *(.data*)
                0x0000000020000034                . = ALIGN (0x4)
                0x0000000020000034                _edata = .

.igot.plt       0x0000000020000034        0x0 load address 0x0000000008009d7c
 .igot.plt      0x0000000020000034        0x0 /opt/gcc-arm-none-eabi-7-2017-q4-major/bin/../lib/gcc/arm-none-eabi/7.2.1/thumb/v7-m/crtbegin.o
                0x0000000020000034                . = ALIGN (0x4)

.bss            0x0000000020000034     0x3158 load address 0x0000000008009d7c
                0x0000000020000034                _sbss = .
                0x0000000020000034                __bss_start__ = _sbss
 *(.bss)
 .bss           0x0000000020000034       0x1c /opt/gcc-arm-none-eabi-7-2017-q4-major/bin/../lib/gcc/arm-none-eabi/7.2.1/thumb/v7-m/crtbegin.o
 .bss           0x0000000020000050        0xc ./USER/main.o
                0x0000000020000050                WifiOrRs
                0x0000000020000051                CalibrationEnd
                0x0000000020000052                ad_flag
                0x0000000020000054                CmdRxCntUart1
                0x0000000020000056                CmdRxCntUart2
                0x0000000020000058                CmdRxCntUart4
                0x000000002000005a                EncoderNum
                0x000000002000005b                WheelMoveNum
 .bss           0x000000002000005c        0x8 ./USER/stm32f10x_it.o
 .bss           0x0000000020000064       0x21 ./HARDWARE/command.o
 .bss           0x0000000020000085        0x4 ./HARDWARE/move.o
 *fill*         0x0000000020000089        0x3 
 .bss           0x000000002000008c        0x4 ./HARDWARE/system_id.o
 .bss           0x0000000020000090       0x1a ./HARDWARE/calibration.o
 *(.bss*)
 *(COMMON)
 *fill*         0x00000000200000aa        0x2 
 COMMON         0x00000000200000ac     0x30d8 ./USER/main.o
                0x00000000200000ac                ad
                0x00000000200000b0                KeyLongFlag
                0x00000000200000b1                CmdRecvOKUart2
                0x00000000200000b4                DAC_I_Q
                0x00000000200000c8                DelayModeEn
                0x00000000200000ca                AdcDataAV
                0x00000000200000cc                CmdRecvOKUart4
                0x00000000200000d0                HMCBuf
                0x00000000200000d1                MoveInitialEn
                0x00000000200000d4                System_ID
                0x00000000200000e0                CmdRxEndUart4
                0x00000000200000e1                CmdRxTempUart2
                0x00000000200000e4                CmdRxBufferUart4
                0x00000000200000f8                TestModeEn
                0x00000000200000f9                CmdRxTempUart4
                0x00000000200000fa                CmdLFUart4
                0x00000000200000fc                CmdRxBufferUart1
                0x0000000020000110                CmdRxEndUart1
                0x0000000020000111                CmdRxEndUart2
                0x0000000020000114                AdcDataQSum
                0x0000000020000118                SignalPoint
                0x0000000020000119                CmdRecvOKUart1
                0x000000002000011a                CmdRxStartUart2
                0x000000002000011c                PLLBuf
                0x000000002000011f                SystemCheck
                0x0000000020000120                AdcDataQAV
                0x0000000020000124                DACBuf
                0x0000000020000126                SpiRxIdx
                0x0000000020000128                CmdRxTempUart1
                0x0000000020000129                CmdLFUart1
                0x000000002000012c                PGABuf
                0x0000000020000130                TxBuffer
                0x0000000020000158                CmdLFUart2
                0x0000000020000159                CmdRxStartUart1
                0x000000002000015a                SignalModeEn
                0x000000002000015c                SpiTxBuf
                0x0000000020000160                MoveFlag
                0x0000000020000164                CmdRxBufferUart2
                0x0000000020000178                SpiRxBuf
                0x000000002000317b                SystemReset
                0x000000002000317c                CmdRxStartUart4
                0x000000002000317e                AdcDataIAV
                0x0000000020003180                AdcDataISum
 COMMON         0x0000000020003184        0x8 ./USER/stm32f10x_it.o
                0x0000000020003184                KeyUpFlag
                0x0000000020003185                KeyFallFlag
                0x0000000020003186                KeyUpCnt
                0x0000000020003187                KeyDownFlag
                0x0000000020003188                KeyHoldMs
                0x0000000020003189                KeyDoubleFlag
                0x000000002000318a                KeyShortFlag
                0x000000002000318b                WheelMoveFlag
                0x000000002000318c                . = ALIGN (0x4)
                0x000000002000318c                _ebss = .
                0x000000002000318c                __bss_end__ = _ebss
                [!provide]                        PROVIDE (end, _ebss)
                [!provide]                        PROVIDE (_end, _ebss)

._user_heap_stack
                0x000000002000318c      0x200 load address 0x000000000800ced4
                0x000000002000318c                . = ALIGN (0x4)
                0x000000002000318c                . = (. + _Min_Heap_Size)
                0x000000002000338c                . = (. + _Min_Stack_Size)
 *fill*         0x000000002000318c      0x200 
                0x000000002000338c                . = ALIGN (0x4)

.memory_b1_text
 *(.mb1text)
 *(.mb1text*)
 *(.mb1rodata)
 *(.mb1rodata*)

/DISCARD/
 libc.a(*)
 libm.a(*)
 libgcc.a(*)
OUTPUT(Target.elf elf32-littlearm)

.debug_info     0x0000000000000000    0x11257
 .debug_info    0x0000000000000000      0x347 ./SYSTEM/src/stm32f10x_exti.o
 .debug_info    0x0000000000000347      0x6e8 ./SYSTEM/src/stm32f10x_gpio.o
 .debug_info    0x0000000000000a2f      0x898 ./SYSTEM/src/stm32f10x_rcc.o
 .debug_info    0x00000000000012c7     0x1c50 ./SYSTEM/src/stm32f10x_tim.o
 .debug_info    0x0000000000002f17      0x9e0 ./SYSTEM/src/stm32f10x_usart.o
 .debug_info    0x00000000000038f7      0xb6c ./SYSTEM/src/stm32f10x_adc.o
 .debug_info    0x0000000000004463      0x4e3 ./SYSTEM/src/misc.o
 .debug_info    0x0000000000004946      0x8eb ./SYSTEM/src/stm32f10x_spi.o
 .debug_info    0x0000000000005231      0x44c ./USER/system_stm32f10x.o
 .debug_info    0x000000000000567d     0x1089 ./USER/main.o
 .debug_info    0x0000000000006706     0x121e ./USER/stm32f10x_it.o
 .debug_info    0x0000000000007924      0x44f ./HARDWARE/rs485.o
 .debug_info    0x0000000000007d73      0x211 ./HARDWARE/led.o
 .debug_info    0x0000000000007f84      0xdcf ./HARDWARE/radio.o
 .debug_info    0x0000000000008d53      0x34a ./HARDWARE/usart.o
 .debug_info    0x000000000000909d      0xe43 ./HARDWARE/command.o
 .debug_info    0x0000000000009ee0      0xe34 ./HARDWARE/move.o
 .debug_info    0x000000000000ad14      0xd5e ./HARDWARE/systick.o
 .debug_info    0x000000000000ba72      0x36a ./HARDWARE/spi_flash.o
 .debug_info    0x000000000000bddc      0x3fb ./HARDWARE/spi.o
 .debug_info    0x000000000000c1d7      0x2d5 ./HARDWARE/encoder.o
 .debug_info    0x000000000000c4ac      0xd07 ./HARDWARE/calculate.o
 .debug_info    0x000000000000d1b3      0x3f3 ./HARDWARE/adc.o
 .debug_info    0x000000000000d5a6      0x358 ./HARDWARE/wifi.o
 .debug_info    0x000000000000d8fe      0xedd ./HARDWARE/translate.o
 .debug_info    0x000000000000e7db      0xda6 ./HARDWARE/system_id.o
 .debug_info    0x000000000000f581      0xef6 ./HARDWARE/system.o
 .debug_info    0x0000000000010477      0xdbe ./HARDWARE/calibration.o
 .debug_info    0x0000000000011235       0x22 ./CORE/startup_stm32f10x_hd.o

.debug_abbrev   0x0000000000000000     0x3135
 .debug_abbrev  0x0000000000000000      0x16c ./SYSTEM/src/stm32f10x_exti.o
 .debug_abbrev  0x000000000000016c      0x1e1 ./SYSTEM/src/stm32f10x_gpio.o
 .debug_abbrev  0x000000000000034d      0x1d1 ./SYSTEM/src/stm32f10x_rcc.o
 .debug_abbrev  0x000000000000051e      0x1c5 ./SYSTEM/src/stm32f10x_tim.o
 .debug_abbrev  0x00000000000006e3      0x191 ./SYSTEM/src/stm32f10x_usart.o
 .debug_abbrev  0x0000000000000874      0x1ad ./SYSTEM/src/stm32f10x_adc.o
 .debug_abbrev  0x0000000000000a21      0x183 ./SYSTEM/src/misc.o
 .debug_abbrev  0x0000000000000ba4      0x1ad ./SYSTEM/src/stm32f10x_spi.o
 .debug_abbrev  0x0000000000000d51      0x19b ./USER/system_stm32f10x.o
 .debug_abbrev  0x0000000000000eec      0x21c ./USER/main.o
 .debug_abbrev  0x0000000000001108      0x280 ./USER/stm32f10x_it.o
 .debug_abbrev  0x0000000000001388      0x177 ./HARDWARE/rs485.o
 .debug_abbrev  0x00000000000014ff      0x106 ./HARDWARE/led.o
 .debug_abbrev  0x0000000000001605      0x275 ./HARDWARE/radio.o
 .debug_abbrev  0x000000000000187a      0x106 ./HARDWARE/usart.o
 .debug_abbrev  0x0000000000001980      0x26b ./HARDWARE/command.o
 .debug_abbrev  0x0000000000001beb      0x223 ./HARDWARE/move.o
 .debug_abbrev  0x0000000000001e0e      0x230 ./HARDWARE/systick.o
 .debug_abbrev  0x000000000000203e      0x167 ./HARDWARE/spi_flash.o
 .debug_abbrev  0x00000000000021a5      0x13a ./HARDWARE/spi.o
 .debug_abbrev  0x00000000000022df      0x106 ./HARDWARE/encoder.o
 .debug_abbrev  0x00000000000023e5      0x227 ./HARDWARE/calculate.o
 .debug_abbrev  0x000000000000260c      0x13e ./HARDWARE/adc.o
 .debug_abbrev  0x000000000000274a      0x115 ./HARDWARE/wifi.o
 .debug_abbrev  0x000000000000285f      0x25b ./HARDWARE/translate.o
 .debug_abbrev  0x0000000000002aba      0x21f ./HARDWARE/system_id.o
 .debug_abbrev  0x0000000000002cd9      0x238 ./HARDWARE/system.o
 .debug_abbrev  0x0000000000002f11      0x212 ./HARDWARE/calibration.o
 .debug_abbrev  0x0000000000003123       0x12 ./CORE/startup_stm32f10x_hd.o

.debug_aranges  0x0000000000000000      0x3a8
 .debug_aranges
                0x0000000000000000       0x20 ./SYSTEM/src/stm32f10x_exti.o
 .debug_aranges
                0x0000000000000020       0x20 ./SYSTEM/src/stm32f10x_gpio.o
 .debug_aranges
                0x0000000000000040       0x20 ./SYSTEM/src/stm32f10x_rcc.o
 .debug_aranges
                0x0000000000000060       0x20 ./SYSTEM/src/stm32f10x_tim.o
 .debug_aranges
                0x0000000000000080       0x20 ./SYSTEM/src/stm32f10x_usart.o
 .debug_aranges
                0x00000000000000a0       0x20 ./SYSTEM/src/stm32f10x_adc.o
 .debug_aranges
                0x00000000000000c0       0x20 ./SYSTEM/src/misc.o
 .debug_aranges
                0x00000000000000e0       0x20 ./SYSTEM/src/stm32f10x_spi.o
 .debug_aranges
                0x0000000000000100       0x20 ./USER/system_stm32f10x.o
 .debug_aranges
                0x0000000000000120       0x20 ./USER/main.o
 .debug_aranges
                0x0000000000000140       0x20 ./USER/stm32f10x_it.o
 .debug_aranges
                0x0000000000000160       0x20 ./HARDWARE/rs485.o
 .debug_aranges
                0x0000000000000180       0x20 ./HARDWARE/led.o
 .debug_aranges
                0x00000000000001a0       0x20 ./HARDWARE/radio.o
 .debug_aranges
                0x00000000000001c0       0x20 ./HARDWARE/usart.o
 .debug_aranges
                0x00000000000001e0       0x20 ./HARDWARE/command.o
 .debug_aranges
                0x0000000000000200       0x20 ./HARDWARE/move.o
 .debug_aranges
                0x0000000000000220       0x20 ./HARDWARE/systick.o
 .debug_aranges
                0x0000000000000240       0x20 ./HARDWARE/spi_flash.o
 .debug_aranges
                0x0000000000000260       0x20 ./HARDWARE/spi.o
 .debug_aranges
                0x0000000000000280       0x20 ./HARDWARE/encoder.o
 .debug_aranges
                0x00000000000002a0       0x20 ./HARDWARE/calculate.o
 .debug_aranges
                0x00000000000002c0       0x20 ./HARDWARE/adc.o
 .debug_aranges
                0x00000000000002e0       0x20 ./HARDWARE/wifi.o
 .debug_aranges
                0x0000000000000300       0x20 ./HARDWARE/translate.o
 .debug_aranges
                0x0000000000000320       0x20 ./HARDWARE/system_id.o
 .debug_aranges
                0x0000000000000340       0x20 ./HARDWARE/system.o
 .debug_aranges
                0x0000000000000360       0x20 ./HARDWARE/calibration.o
 .debug_aranges
                0x0000000000000380       0x28 ./CORE/startup_stm32f10x_hd.o

.debug_line     0x0000000000000000     0x4d18
 .debug_line    0x0000000000000000      0x213 ./SYSTEM/src/stm32f10x_exti.o
 .debug_line    0x0000000000000213      0x2b8 ./SYSTEM/src/stm32f10x_gpio.o
 .debug_line    0x00000000000004cb      0x301 ./SYSTEM/src/stm32f10x_rcc.o
 .debug_line    0x00000000000007cc      0x67d ./SYSTEM/src/stm32f10x_tim.o
 .debug_line    0x0000000000000e49      0x30e ./SYSTEM/src/stm32f10x_usart.o
 .debug_line    0x0000000000001157      0x329 ./SYSTEM/src/stm32f10x_adc.o
 .debug_line    0x0000000000001480      0x1d9 ./SYSTEM/src/misc.o
 .debug_line    0x0000000000001659      0x2cf ./SYSTEM/src/stm32f10x_spi.o
 .debug_line    0x0000000000001928      0x1c2 ./USER/system_stm32f10x.o
 .debug_line    0x0000000000001aea      0x24c ./USER/main.o
 .debug_line    0x0000000000001d36      0x306 ./USER/stm32f10x_it.o
 .debug_line    0x000000000000203c      0x20c ./HARDWARE/rs485.o
 .debug_line    0x0000000000002248      0x1ca ./HARDWARE/led.o
 .debug_line    0x0000000000002412      0x28e ./HARDWARE/radio.o
 .debug_line    0x00000000000026a0      0x1d8 ./HARDWARE/usart.o
 .debug_line    0x0000000000002878      0x3ca ./HARDWARE/command.o
 .debug_line    0x0000000000002c42      0x3aa ./HARDWARE/move.o
 .debug_line    0x0000000000002fec      0x285 ./HARDWARE/systick.o
 .debug_line    0x0000000000003271      0x250 ./HARDWARE/spi_flash.o
 .debug_line    0x00000000000034c1      0x1eb ./HARDWARE/spi.o
 .debug_line    0x00000000000036ac      0x1e5 ./HARDWARE/encoder.o
 .debug_line    0x0000000000003891      0x26d ./HARDWARE/calculate.o
 .debug_line    0x0000000000003afe      0x1f2 ./HARDWARE/adc.o
 .debug_line    0x0000000000003cf0      0x1d8 ./HARDWARE/wifi.o
 .debug_line    0x0000000000003ec8      0x520 ./HARDWARE/translate.o
 .debug_line    0x00000000000043e8      0x2a7 ./HARDWARE/system_id.o
 .debug_line    0x000000000000468f      0x2e6 ./HARDWARE/system.o
 .debug_line    0x0000000000004975      0x32c ./HARDWARE/calibration.o
 .debug_line    0x0000000000004ca1       0x77 ./CORE/startup_stm32f10x_hd.o

.debug_str      0x0000000000000000     0x364d
 .debug_str     0x0000000000000000      0x2e5 ./SYSTEM/src/stm32f10x_exti.o
                                        0x33c (size before relaxing)
 .debug_str     0x00000000000002e5      0x385 ./SYSTEM/src/stm32f10x_gpio.o
                                        0x50c (size before relaxing)
 .debug_str     0x000000000000066a      0x427 ./SYSTEM/src/stm32f10x_rcc.o
                                        0x60d (size before relaxing)
 .debug_str     0x0000000000000a91      0xbaf ./SYSTEM/src/stm32f10x_tim.o
                                        0xdd0 (size before relaxing)
 .debug_str     0x0000000000001640      0x402 ./SYSTEM/src/stm32f10x_usart.o
                                        0x683 (size before relaxing)
 .debug_str     0x0000000000001a42      0x506 ./SYSTEM/src/stm32f10x_adc.o
                                        0x6ee (size before relaxing)
 .debug_str     0x0000000000001f48      0x1eb ./SYSTEM/src/misc.o
                                        0x3ab (size before relaxing)
 .debug_str     0x0000000000002133      0x343 ./SYSTEM/src/stm32f10x_spi.o
                                        0x5f0 (size before relaxing)
 .debug_str     0x0000000000002476       0x79 ./USER/system_stm32f10x.o
                                        0x2bd (size before relaxing)
 .debug_str     0x00000000000024ef      0x749 ./USER/main.o
                                        0x951 (size before relaxing)
 .debug_str     0x0000000000002c38      0x1a1 ./USER/stm32f10x_it.o
                                        0xbc2 (size before relaxing)
 .debug_str     0x0000000000002dd9       0x87 ./HARDWARE/rs485.o
                                        0x3fd (size before relaxing)
 .debug_str     0x0000000000002e60       0x18 ./HARDWARE/led.o
                                        0x2b8 (size before relaxing)
 .debug_str     0x0000000000002e78       0x47 ./HARDWARE/radio.o
                                        0x8f5 (size before relaxing)
 .debug_str     0x0000000000002ebf       0x1c ./HARDWARE/usart.o
                                        0x39c (size before relaxing)
 .debug_str     0x0000000000002edb       0x8b ./HARDWARE/command.o
                                        0x9b4 (size before relaxing)
 .debug_str     0x0000000000002f66       0x22 ./HARDWARE/move.o
                                        0x932 (size before relaxing)
 .debug_str     0x0000000000002f88       0x33 ./HARDWARE/systick.o
                                        0x8e7 (size before relaxing)
 .debug_str     0x0000000000002fbb       0x86 ./HARDWARE/spi_flash.o
                                        0x33d (size before relaxing)
 .debug_str     0x0000000000003041       0x40 ./HARDWARE/spi.o
                                        0x403 (size before relaxing)
 .debug_str     0x0000000000003081       0x33 ./HARDWARE/encoder.o
                                        0x3c2 (size before relaxing)
 .debug_str     0x00000000000030b4       0x2a ./HARDWARE/calculate.o
                                        0x8c1 (size before relaxing)
 .debug_str     0x00000000000030de       0x32 ./HARDWARE/adc.o
                                        0x3c1 (size before relaxing)
 .debug_str     0x0000000000003110       0x1f ./HARDWARE/wifi.o
                                        0x39f (size before relaxing)
 .debug_str     0x000000000000312f       0x8e ./HARDWARE/translate.o
                                        0x985 (size before relaxing)
 .debug_str     0x00000000000031bd       0x30 ./HARDWARE/system_id.o
                                        0x936 (size before relaxing)
 .debug_str     0x00000000000031ed      0x3fb ./HARDWARE/system.o
                                        0xd37 (size before relaxing)
 .debug_str     0x00000000000035e8       0x3a ./HARDWARE/calibration.o
                                        0x93a (size before relaxing)
 .debug_str     0x0000000000003622       0x2b ./CORE/startup_stm32f10x_hd.o
                                         0x50 (size before relaxing)

.comment        0x0000000000000000       0x7e
 .comment       0x0000000000000000       0x7e ./SYSTEM/src/stm32f10x_exti.o
                                         0x7f (size before relaxing)
 .comment       0x000000000000007e       0x7f ./SYSTEM/src/stm32f10x_gpio.o
 .comment       0x000000000000007e       0x7f ./SYSTEM/src/stm32f10x_rcc.o
 .comment       0x000000000000007e       0x7f ./SYSTEM/src/stm32f10x_tim.o
 .comment       0x000000000000007e       0x7f ./SYSTEM/src/stm32f10x_usart.o
 .comment       0x000000000000007e       0x7f ./SYSTEM/src/stm32f10x_adc.o
 .comment       0x000000000000007e       0x7f ./SYSTEM/src/misc.o
 .comment       0x000000000000007e       0x7f ./SYSTEM/src/stm32f10x_spi.o
 .comment       0x000000000000007e       0x7f ./USER/system_stm32f10x.o
 .comment       0x000000000000007e       0x7f ./USER/main.o
 .comment       0x000000000000007e       0x7f ./USER/stm32f10x_it.o
 .comment       0x000000000000007e       0x7f ./HARDWARE/rs485.o
 .comment       0x000000000000007e       0x7f ./HARDWARE/led.o
 .comment       0x000000000000007e       0x7f ./HARDWARE/radio.o
 .comment       0x000000000000007e       0x7f ./HARDWARE/usart.o
 .comment       0x000000000000007e       0x7f ./HARDWARE/command.o
 .comment       0x000000000000007e       0x7f ./HARDWARE/move.o
 .comment       0x000000000000007e       0x7f ./HARDWARE/systick.o
 .comment       0x000000000000007e       0x7f ./HARDWARE/spi_flash.o
 .comment       0x000000000000007e       0x7f ./HARDWARE/spi.o
 .comment       0x000000000000007e       0x7f ./HARDWARE/encoder.o
 .comment       0x000000000000007e       0x7f ./HARDWARE/calculate.o
 .comment       0x000000000000007e       0x7f ./HARDWARE/adc.o
 .comment       0x000000000000007e       0x7f ./HARDWARE/wifi.o
 .comment       0x000000000000007e       0x7f ./HARDWARE/translate.o
 .comment       0x000000000000007e       0x7f ./HARDWARE/system_id.o
 .comment       0x000000000000007e       0x7f ./HARDWARE/system.o
 .comment       0x000000000000007e       0x7f ./HARDWARE/calibration.o

.debug_frame    0x0000000000000000     0x3214
 .debug_frame   0x0000000000000000      0x148 ./SYSTEM/src/stm32f10x_exti.o
 .debug_frame   0x0000000000000148      0x2d0 ./SYSTEM/src/stm32f10x_gpio.o
 .debug_frame   0x0000000000000418      0x4f4 ./SYSTEM/src/stm32f10x_rcc.o
 .debug_frame   0x000000000000090c      0xe2c ./SYSTEM/src/stm32f10x_tim.o
 .debug_frame   0x0000000000001738      0x490 ./SYSTEM/src/stm32f10x_usart.o
 .debug_frame   0x0000000000001bc8      0x5a4 ./SYSTEM/src/stm32f10x_adc.o
 .debug_frame   0x000000000000216c       0xd8 ./SYSTEM/src/misc.o
 .debug_frame   0x0000000000002244      0x3a0 ./SYSTEM/src/stm32f10x_spi.o
 .debug_frame   0x00000000000025e4       0x98 ./USER/system_stm32f10x.o
 .debug_frame   0x000000000000267c       0x30 ./USER/main.o
 .debug_frame   0x00000000000026ac      0x210 ./USER/stm32f10x_it.o
 .debug_frame   0x00000000000028bc       0xa0 ./HARDWARE/rs485.o
 .debug_frame   0x000000000000295c       0x34 ./HARDWARE/led.o
 .debug_frame   0x0000000000002990       0xe0 ./HARDWARE/radio.o
 .debug_frame   0x0000000000002a70       0x34 ./HARDWARE/usart.o
 .debug_frame   0x0000000000002aa4       0xb0 ./HARDWARE/command.o
 .debug_frame   0x0000000000002b54       0x54 ./HARDWARE/move.o
 .debug_frame   0x0000000000002ba8       0x88 ./HARDWARE/systick.o
 .debug_frame   0x0000000000002c30       0xe8 ./HARDWARE/spi_flash.o
 .debug_frame   0x0000000000002d18       0x58 ./HARDWARE/spi.o
 .debug_frame   0x0000000000002d70       0x34 ./HARDWARE/encoder.o
 .debug_frame   0x0000000000002da4       0x60 ./HARDWARE/calculate.o
 .debug_frame   0x0000000000002e04       0x58 ./HARDWARE/adc.o
 .debug_frame   0x0000000000002e5c       0x34 ./HARDWARE/wifi.o
 .debug_frame   0x0000000000002e90      0x124 ./HARDWARE/translate.o
 .debug_frame   0x0000000000002fb4       0x4c ./HARDWARE/system_id.o
 .debug_frame   0x0000000000003000       0x74 ./HARDWARE/system.o
 .debug_frame   0x0000000000003074       0x38 ./HARDWARE/calibration.o
 .debug_frame   0x00000000000030ac       0x20 /opt/gcc-arm-none-eabi-7-2017-q4-major/bin/../lib/gcc/arm-none-eabi/7.2.1/../../../../arm-none-eabi/lib/thumb/v7-m/libc_nano.a(lib_a-strcpy.o)
 .debug_frame   0x00000000000030cc       0x28 /opt/gcc-arm-none-eabi-7-2017-q4-major/bin/../lib/gcc/arm-none-eabi/7.2.1/../../../../arm-none-eabi/lib/thumb/v7-m/libc_nano.a(lib_a-strncmp.o)
 .debug_frame   0x00000000000030f4       0xac /opt/gcc-arm-none-eabi-7-2017-q4-major/bin/../lib/gcc/arm-none-eabi/7.2.1/thumb/v7-m/libgcc.a(_arm_addsubdf3.o)
 .debug_frame   0x00000000000031a0       0x50 /opt/gcc-arm-none-eabi-7-2017-q4-major/bin/../lib/gcc/arm-none-eabi/7.2.1/thumb/v7-m/libgcc.a(_arm_muldivdf3.o)
 .debug_frame   0x00000000000031f0       0x24 /opt/gcc-arm-none-eabi-7-2017-q4-major/bin/../lib/gcc/arm-none-eabi/7.2.1/thumb/v7-m/libgcc.a(_arm_fixunsdfsi.o)

.debug_ranges   0x0000000000000000       0x20
 .debug_ranges  0x0000000000000000       0x20 ./CORE/startup_stm32f10x_hd.o

Cross Reference Table

Symbol                                            File
ADC1_2_IRQHandler                                 ./CORE/startup_stm32f10x_hd.o
ADC3_IRQHandler                                   ./CORE/startup_stm32f10x_hd.o
ADC_AnalogWatchdogCmd                             ./SYSTEM/src/stm32f10x_adc.o
ADC_AnalogWatchdogSingleChannelConfig             ./SYSTEM/src/stm32f10x_adc.o
ADC_AnalogWatchdogThresholdsConfig                ./SYSTEM/src/stm32f10x_adc.o
ADC_AutoInjectedConvCmd                           ./SYSTEM/src/stm32f10x_adc.o
ADC_ClearFlag                                     ./SYSTEM/src/stm32f10x_adc.o
ADC_ClearITPendingBit                             ./SYSTEM/src/stm32f10x_adc.o
ADC_Cmd                                           ./SYSTEM/src/stm32f10x_adc.o
                                                  ./HARDWARE/adc.o
ADC_DMACmd                                        ./SYSTEM/src/stm32f10x_adc.o
ADC_DeInit                                        ./SYSTEM/src/stm32f10x_adc.o
                                                  ./HARDWARE/adc.o
ADC_DiscModeChannelCountConfig                    ./SYSTEM/src/stm32f10x_adc.o
ADC_DiscModeCmd                                   ./SYSTEM/src/stm32f10x_adc.o
ADC_ExternalTrigConvCmd                           ./SYSTEM/src/stm32f10x_adc.o
ADC_ExternalTrigInjectedConvCmd                   ./SYSTEM/src/stm32f10x_adc.o
ADC_ExternalTrigInjectedConvConfig                ./SYSTEM/src/stm32f10x_adc.o
ADC_GetCalibrationStatus                          ./SYSTEM/src/stm32f10x_adc.o
                                                  ./HARDWARE/adc.o
ADC_GetConversionValue                            ./SYSTEM/src/stm32f10x_adc.o
                                                  ./HARDWARE/adc.o
ADC_GetDualModeConversionValue                    ./SYSTEM/src/stm32f10x_adc.o
ADC_GetFlagStatus                                 ./SYSTEM/src/stm32f10x_adc.o
                                                  ./HARDWARE/adc.o
ADC_GetITStatus                                   ./SYSTEM/src/stm32f10x_adc.o
ADC_GetInjectedConversionValue                    ./SYSTEM/src/stm32f10x_adc.o
ADC_GetResetCalibrationStatus                     ./SYSTEM/src/stm32f10x_adc.o
                                                  ./HARDWARE/adc.o
ADC_GetSoftwareStartConvStatus                    ./SYSTEM/src/stm32f10x_adc.o
ADC_GetSoftwareStartInjectedConvCmdStatus         ./SYSTEM/src/stm32f10x_adc.o
ADC_ITConfig                                      ./SYSTEM/src/stm32f10x_adc.o
ADC_Init                                          ./SYSTEM/src/stm32f10x_adc.o
                                                  ./HARDWARE/adc.o
ADC_InjectedChannelConfig                         ./SYSTEM/src/stm32f10x_adc.o
ADC_InjectedDiscModeCmd                           ./SYSTEM/src/stm32f10x_adc.o
ADC_InjectedSequencerLengthConfig                 ./SYSTEM/src/stm32f10x_adc.o
ADC_RegularChannelConfig                          ./SYSTEM/src/stm32f10x_adc.o
                                                  ./HARDWARE/adc.o
ADC_ResetCalibration                              ./SYSTEM/src/stm32f10x_adc.o
                                                  ./HARDWARE/adc.o
ADC_SetInjectedOffset                             ./SYSTEM/src/stm32f10x_adc.o
ADC_SoftwareStartConvCmd                          ./SYSTEM/src/stm32f10x_adc.o
                                                  ./HARDWARE/adc.o
ADC_SoftwareStartInjectedConvCmd                  ./SYSTEM/src/stm32f10x_adc.o
ADC_StartCalibration                              ./SYSTEM/src/stm32f10x_adc.o
                                                  ./HARDWARE/adc.o
ADC_StructInit                                    ./SYSTEM/src/stm32f10x_adc.o
ADC_TempSensorVrefintCmd                          ./SYSTEM/src/stm32f10x_adc.o
AHBPrescTable                                     ./USER/system_stm32f10x.o
AdcDataAV                                         ./USER/main.o
                                                  ./HARDWARE/radio.o
AdcDataIAV                                        ./USER/main.o
                                                  ./HARDWARE/calibration.o
                                                  ./HARDWARE/translate.o
                                                  ./HARDWARE/move.o
AdcDataISum                                       ./USER/main.o
AdcDataQAV                                        ./USER/main.o
                                                  ./HARDWARE/calibration.o
                                                  ./HARDWARE/translate.o
                                                  ./HARDWARE/move.o
AdcDataQSum                                       ./USER/main.o
BKP_ClearFlag                                     ./SYSTEM/src/stm32f10x_bkp.o
BKP_ClearITPendingBit                             ./SYSTEM/src/stm32f10x_bkp.o
BKP_DeInit                                        ./SYSTEM/src/stm32f10x_bkp.o
BKP_GetFlagStatus                                 ./SYSTEM/src/stm32f10x_bkp.o
BKP_GetITStatus                                   ./SYSTEM/src/stm32f10x_bkp.o
BKP_ITConfig                                      ./SYSTEM/src/stm32f10x_bkp.o
BKP_RTCOutputConfig                               ./SYSTEM/src/stm32f10x_bkp.o
BKP_ReadBackupRegister                            ./SYSTEM/src/stm32f10x_bkp.o
BKP_SetRTCCalibrationValue                        ./SYSTEM/src/stm32f10x_bkp.o
BKP_TamperPinCmd                                  ./SYSTEM/src/stm32f10x_bkp.o
BKP_TamperPinLevelConfig                          ./SYSTEM/src/stm32f10x_bkp.o
BKP_WriteBackupRegister                           ./SYSTEM/src/stm32f10x_bkp.o
BusFault_Handler                                  ./USER/stm32f10x_it.o
CAN1_RX1_IRQHandler                               ./CORE/startup_stm32f10x_hd.o
CAN1_SCE_IRQHandler                               ./CORE/startup_stm32f10x_hd.o
CAN_CancelTransmit                                ./SYSTEM/src/stm32f10x_can.o
CAN_ClearFlag                                     ./SYSTEM/src/stm32f10x_can.o
CAN_ClearITPendingBit                             ./SYSTEM/src/stm32f10x_can.o
CAN_DBGFreeze                                     ./SYSTEM/src/stm32f10x_can.o
CAN_DeInit                                        ./SYSTEM/src/stm32f10x_can.o
CAN_FIFORelease                                   ./SYSTEM/src/stm32f10x_can.o
CAN_FilterInit                                    ./SYSTEM/src/stm32f10x_can.o
CAN_GetFlagStatus                                 ./SYSTEM/src/stm32f10x_can.o
CAN_GetITStatus                                   ./SYSTEM/src/stm32f10x_can.o
CAN_GetLSBTransmitErrorCounter                    ./SYSTEM/src/stm32f10x_can.o
CAN_GetLastErrorCode                              ./SYSTEM/src/stm32f10x_can.o
CAN_GetReceiveErrorCounter                        ./SYSTEM/src/stm32f10x_can.o
CAN_ITConfig                                      ./SYSTEM/src/stm32f10x_can.o
CAN_Init                                          ./SYSTEM/src/stm32f10x_can.o
CAN_MessagePending                                ./SYSTEM/src/stm32f10x_can.o
CAN_OperatingModeRequest                          ./SYSTEM/src/stm32f10x_can.o
CAN_Receive                                       ./SYSTEM/src/stm32f10x_can.o
CAN_SlaveStartBank                                ./SYSTEM/src/stm32f10x_can.o
CAN_Sleep                                         ./SYSTEM/src/stm32f10x_can.o
CAN_StructInit                                    ./SYSTEM/src/stm32f10x_can.o
CAN_TTComModeCmd                                  ./SYSTEM/src/stm32f10x_can.o
CAN_Transmit                                      ./SYSTEM/src/stm32f10x_can.o
CAN_TransmitStatus                                ./SYSTEM/src/stm32f10x_can.o
CAN_WakeUp                                        ./SYSTEM/src/stm32f10x_can.o
CEC_ClearFlag                                     ./SYSTEM/src/stm32f10x_cec.o
CEC_ClearITPendingBit                             ./SYSTEM/src/stm32f10x_cec.o
CEC_Cmd                                           ./SYSTEM/src/stm32f10x_cec.o
CEC_DeInit                                        ./SYSTEM/src/stm32f10x_cec.o
CEC_EndOfMessageCmd                               ./SYSTEM/src/stm32f10x_cec.o
CEC_GetFlagStatus                                 ./SYSTEM/src/stm32f10x_cec.o
CEC_GetITStatus                                   ./SYSTEM/src/stm32f10x_cec.o
CEC_ITConfig                                      ./SYSTEM/src/stm32f10x_cec.o
CEC_Init                                          ./SYSTEM/src/stm32f10x_cec.o
CEC_OwnAddressConfig                              ./SYSTEM/src/stm32f10x_cec.o
CEC_ReceiveDataByte                               ./SYSTEM/src/stm32f10x_cec.o
CEC_SendDataByte                                  ./SYSTEM/src/stm32f10x_cec.o
CEC_SetPrescaler                                  ./SYSTEM/src/stm32f10x_cec.o
CEC_StartOfMessage                                ./SYSTEM/src/stm32f10x_cec.o
CRC_CalcBlockCRC                                  ./SYSTEM/src/stm32f10x_crc.o
CRC_CalcCRC                                       ./SYSTEM/src/stm32f10x_crc.o
CRC_GetCRC                                        ./SYSTEM/src/stm32f10x_crc.o
CRC_GetIDRegister                                 ./SYSTEM/src/stm32f10x_crc.o
CRC_ResetDR                                       ./SYSTEM/src/stm32f10x_crc.o
CRC_SetIDRegister                                 ./SYSTEM/src/stm32f10x_crc.o
CalibrationEnd                                    ./USER/main.o
                                                  ./HARDWARE/command.o
CheckSystemID                                     ./HARDWARE/system_id.o
                                                  ./HARDWARE/command.o
CmdLFUart1                                        ./USER/main.o
                                                  ./HARDWARE/command.o
CmdLFUart2                                        ./USER/main.o
                                                  ./HARDWARE/command.o
CmdLFUart4                                        ./USER/main.o
                                                  ./HARDWARE/command.o
CmdRecvOKUart1                                    ./USER/main.o
                                                  ./HARDWARE/command.o
CmdRecvOKUart2                                    ./USER/main.o
                                                  ./HARDWARE/command.o
CmdRecvOKUart4                                    ./USER/main.o
                                                  ./HARDWARE/command.o
CmdRxBufferUart1                                  ./USER/main.o
                                                  ./HARDWARE/command.o
CmdRxBufferUart2                                  ./USER/main.o
                                                  ./HARDWARE/command.o
CmdRxBufferUart4                                  ./USER/main.o
                                                  ./HARDWARE/command.o
CmdRxCntUart1                                     ./USER/main.o
                                                  ./HARDWARE/command.o
CmdRxCntUart2                                     ./USER/main.o
                                                  ./HARDWARE/command.o
CmdRxCntUart4                                     ./USER/main.o
                                                  ./HARDWARE/command.o
CmdRxEndUart1                                     ./USER/main.o
                                                  ./HARDWARE/command.o
CmdRxEndUart2                                     ./USER/main.o
                                                  ./HARDWARE/command.o
CmdRxEndUart4                                     ./USER/main.o
                                                  ./HARDWARE/command.o
CmdRxStartUart1                                   ./USER/main.o
                                                  ./HARDWARE/command.o
                                                  ./USER/stm32f10x_it.o
CmdRxStartUart2                                   ./USER/main.o
                                                  ./HARDWARE/command.o
                                                  ./USER/stm32f10x_it.o
CmdRxStartUart4                                   ./USER/main.o
                                                  ./HARDWARE/command.o
                                                  ./USER/stm32f10x_it.o
CmdRxTempUart1                                    ./USER/main.o
                                                  ./HARDWARE/command.o
                                                  ./USER/stm32f10x_it.o
CmdRxTempUart2                                    ./USER/main.o
                                                  ./HARDWARE/command.o
                                                  ./USER/stm32f10x_it.o
CmdRxTempUart4                                    ./USER/main.o
                                                  ./HARDWARE/command.o
                                                  ./USER/stm32f10x_it.o
CommandBufferClear                                ./HARDWARE/command.o
CommandResolution                                 ./HARDWARE/command.o
                                                  ./USER/main.o
CommandRxEndUart1                                 ./HARDWARE/command.o
                                                  ./USER/main.o
CommandRxEndUart2                                 ./HARDWARE/command.o
                                                  ./USER/main.o
CommandRxEndUart4                                 ./HARDWARE/command.o
                                                  ./USER/main.o
DACBuf                                            ./USER/main.o
                                                  ./HARDWARE/command.o
DAC_Cmd                                           ./SYSTEM/src/stm32f10x_dac.o
DAC_DMACmd                                        ./SYSTEM/src/stm32f10x_dac.o
DAC_DeInit                                        ./SYSTEM/src/stm32f10x_dac.o
DAC_DualSoftwareTriggerCmd                        ./SYSTEM/src/stm32f10x_dac.o
DAC_GetDataOutputValue                            ./SYSTEM/src/stm32f10x_dac.o
DAC_I_Default                                     ./USER/main.o
                                                  ./HARDWARE/system.o
DAC_I_Q                                           ./USER/main.o
                                                  ./HARDWARE/calibration.o
                                                  ./HARDWARE/system.o
                                                  ./HARDWARE/translate.o
                                                  ./HARDWARE/move.o
                                                  ./HARDWARE/command.o
DAC_Init                                          ./SYSTEM/src/stm32f10x_dac.o
DAC_Q_Default                                     ./USER/main.o
                                                  ./HARDWARE/system.o
DAC_SetChannel1Data                               ./SYSTEM/src/stm32f10x_dac.o
DAC_SetChannel2Data                               ./SYSTEM/src/stm32f10x_dac.o
DAC_SetDualChannelData                            ./SYSTEM/src/stm32f10x_dac.o
DAC_SoftwareTriggerCmd                            ./SYSTEM/src/stm32f10x_dac.o
DAC_StructInit                                    ./SYSTEM/src/stm32f10x_dac.o
DAC_WaveGenerationCmd                             ./SYSTEM/src/stm32f10x_dac.o
DBGMCU_Config                                     ./SYSTEM/src/stm32f10x_dbgmcu.o
DBGMCU_GetDEVID                                   ./SYSTEM/src/stm32f10x_dbgmcu.o
DBGMCU_GetREVID                                   ./SYSTEM/src/stm32f10x_dbgmcu.o
DMA1_Channel1_IRQHandler                          ./CORE/startup_stm32f10x_hd.o
DMA1_Channel2_IRQHandler                          ./CORE/startup_stm32f10x_hd.o
DMA1_Channel3_IRQHandler                          ./CORE/startup_stm32f10x_hd.o
DMA1_Channel4_IRQHandler                          ./CORE/startup_stm32f10x_hd.o
DMA1_Channel5_IRQHandler                          ./CORE/startup_stm32f10x_hd.o
DMA1_Channel6_IRQHandler                          ./CORE/startup_stm32f10x_hd.o
DMA1_Channel7_IRQHandler                          ./CORE/startup_stm32f10x_hd.o
DMA2_Channel1_IRQHandler                          ./CORE/startup_stm32f10x_hd.o
DMA2_Channel2_IRQHandler                          ./CORE/startup_stm32f10x_hd.o
DMA2_Channel3_IRQHandler                          ./CORE/startup_stm32f10x_hd.o
DMA2_Channel4_5_IRQHandler                        ./CORE/startup_stm32f10x_hd.o
DMA_ClearFlag                                     ./SYSTEM/src/stm32f10x_dma.o
DMA_ClearITPendingBit                             ./SYSTEM/src/stm32f10x_dma.o
DMA_Cmd                                           ./SYSTEM/src/stm32f10x_dma.o
DMA_DeInit                                        ./SYSTEM/src/stm32f10x_dma.o
DMA_GetCurrDataCounter                            ./SYSTEM/src/stm32f10x_dma.o
DMA_GetFlagStatus                                 ./SYSTEM/src/stm32f10x_dma.o
DMA_GetITStatus                                   ./SYSTEM/src/stm32f10x_dma.o
DMA_ITConfig                                      ./SYSTEM/src/stm32f10x_dma.o
DMA_Init                                          ./SYSTEM/src/stm32f10x_dma.o
DMA_SetCurrDataCounter                            ./SYSTEM/src/stm32f10x_dma.o
DMA_StructInit                                    ./SYSTEM/src/stm32f10x_dma.o
DebugMon_Handler                                  ./USER/stm32f10x_it.o
Default_Handler                                   ./CORE/startup_stm32f10x_hd.o
DelayModeEn                                       ./USER/main.o
EXTI0_IRQHandler                                  ./CORE/startup_stm32f10x_hd.o
EXTI15_10_IRQHandler                              ./USER/stm32f10x_it.o
EXTI1_IRQHandler                                  ./USER/stm32f10x_it.o
EXTI2_IRQHandler                                  ./CORE/startup_stm32f10x_hd.o
EXTI3_IRQHandler                                  ./USER/stm32f10x_it.o
EXTI4_IRQHandler                                  ./CORE/startup_stm32f10x_hd.o
EXTI9_5_IRQHandler                                ./USER/stm32f10x_it.o
EXTI_ClearFlag                                    ./SYSTEM/src/stm32f10x_exti.o
EXTI_ClearITPendingBit                            ./SYSTEM/src/stm32f10x_exti.o
                                                  ./USER/stm32f10x_it.o
EXTI_DeInit                                       ./SYSTEM/src/stm32f10x_exti.o
EXTI_GenerateSWInterrupt                          ./SYSTEM/src/stm32f10x_exti.o
EXTI_GetFlagStatus                                ./SYSTEM/src/stm32f10x_exti.o
EXTI_GetITStatus                                  ./SYSTEM/src/stm32f10x_exti.o
                                                  ./USER/stm32f10x_it.o
EXTI_Init                                         ./SYSTEM/src/stm32f10x_exti.o
                                                  ./HARDWARE/exti.o
                                                  ./HARDWARE/encoder.o
                                                  ./HARDWARE/itr.o
EXTI_StructInit                                   ./SYSTEM/src/stm32f10x_exti.o
EncoderNum                                        ./USER/main.o
                                                  ./USER/stm32f10x_it.o
FLASH_ClearFlag                                   ./SYSTEM/src/stm32f10x_flash.o
FLASH_EnableWriteProtection                       ./SYSTEM/src/stm32f10x_flash.o
FLASH_EraseAllBank1Pages                          ./SYSTEM/src/stm32f10x_flash.o
FLASH_EraseAllPages                               ./SYSTEM/src/stm32f10x_flash.o
FLASH_EraseOptionBytes                            ./SYSTEM/src/stm32f10x_flash.o
FLASH_ErasePage                                   ./SYSTEM/src/stm32f10x_flash.o
FLASH_GetBank1Status                              ./SYSTEM/src/stm32f10x_flash.o
FLASH_GetFlagStatus                               ./SYSTEM/src/stm32f10x_flash.o
FLASH_GetPrefetchBufferStatus                     ./SYSTEM/src/stm32f10x_flash.o
FLASH_GetReadOutProtectionStatus                  ./SYSTEM/src/stm32f10x_flash.o
FLASH_GetStatus                                   ./SYSTEM/src/stm32f10x_flash.o
FLASH_GetUserOptionByte                           ./SYSTEM/src/stm32f10x_flash.o
FLASH_GetWriteProtectionOptionByte                ./SYSTEM/src/stm32f10x_flash.o
FLASH_HalfCycleAccessCmd                          ./SYSTEM/src/stm32f10x_flash.o
FLASH_IRQHandler                                  ./CORE/startup_stm32f10x_hd.o
FLASH_ITConfig                                    ./SYSTEM/src/stm32f10x_flash.o
FLASH_Lock                                        ./SYSTEM/src/stm32f10x_flash.o
FLASH_LockBank1                                   ./SYSTEM/src/stm32f10x_flash.o
FLASH_PrefetchBufferCmd                           ./SYSTEM/src/stm32f10x_flash.o
FLASH_ProgramHalfWord                             ./SYSTEM/src/stm32f10x_flash.o
FLASH_ProgramOptionByteData                       ./SYSTEM/src/stm32f10x_flash.o
FLASH_ProgramWord                                 ./SYSTEM/src/stm32f10x_flash.o
FLASH_ReadOutProtection                           ./SYSTEM/src/stm32f10x_flash.o
FLASH_SetLatency                                  ./SYSTEM/src/stm32f10x_flash.o
FLASH_Unlock                                      ./SYSTEM/src/stm32f10x_flash.o
FLASH_UnlockBank1                                 ./SYSTEM/src/stm32f10x_flash.o
FLASH_UserOptionByteConfig                        ./SYSTEM/src/stm32f10x_flash.o
FLASH_WaitForLastBank1Operation                   ./SYSTEM/src/stm32f10x_flash.o
FLASH_WaitForLastOperation                        ./SYSTEM/src/stm32f10x_flash.o
FSMC_ClearFlag                                    ./SYSTEM/src/stm32f10x_fsmc.o
FSMC_ClearITPendingBit                            ./SYSTEM/src/stm32f10x_fsmc.o
FSMC_GetECC                                       ./SYSTEM/src/stm32f10x_fsmc.o
FSMC_GetFlagStatus                                ./SYSTEM/src/stm32f10x_fsmc.o
FSMC_GetITStatus                                  ./SYSTEM/src/stm32f10x_fsmc.o
FSMC_IRQHandler                                   ./CORE/startup_stm32f10x_hd.o
FSMC_ITConfig                                     ./SYSTEM/src/stm32f10x_fsmc.o
FSMC_NANDCmd                                      ./SYSTEM/src/stm32f10x_fsmc.o
FSMC_NANDDeInit                                   ./SYSTEM/src/stm32f10x_fsmc.o
FSMC_NANDECCCmd                                   ./SYSTEM/src/stm32f10x_fsmc.o
FSMC_NANDInit                                     ./SYSTEM/src/stm32f10x_fsmc.o
FSMC_NANDStructInit                               ./SYSTEM/src/stm32f10x_fsmc.o
FSMC_NORSRAMCmd                                   ./SYSTEM/src/stm32f10x_fsmc.o
FSMC_NORSRAMDeInit                                ./SYSTEM/src/stm32f10x_fsmc.o
FSMC_NORSRAMInit                                  ./SYSTEM/src/stm32f10x_fsmc.o
FSMC_NORSRAMStructInit                            ./SYSTEM/src/stm32f10x_fsmc.o
FSMC_PCCARDCmd                                    ./SYSTEM/src/stm32f10x_fsmc.o
FSMC_PCCARDDeInit                                 ./SYSTEM/src/stm32f10x_fsmc.o
FSMC_PCCARDInit                                   ./SYSTEM/src/stm32f10x_fsmc.o
FSMC_PCCARDStructInit                             ./SYSTEM/src/stm32f10x_fsmc.o
GPIO_AFIODeInit                                   ./SYSTEM/src/stm32f10x_gpio.o
GPIO_DeInit                                       ./SYSTEM/src/stm32f10x_gpio.o
GPIO_ETH_MediaInterfaceConfig                     ./SYSTEM/src/stm32f10x_gpio.o
GPIO_EXTILineConfig                               ./SYSTEM/src/stm32f10x_gpio.o
                                                  ./HARDWARE/exti.o
                                                  ./HARDWARE/encoder.o
                                                  ./HARDWARE/itr.o
GPIO_EventOutputCmd                               ./SYSTEM/src/stm32f10x_gpio.o
GPIO_EventOutputConfig                            ./SYSTEM/src/stm32f10x_gpio.o
GPIO_Init                                         ./SYSTEM/src/stm32f10x_gpio.o
                                                  ./HARDWARE/wifi.o
                                                  ./HARDWARE/adc.o
                                                  ./HARDWARE/exti.o
                                                  ./HARDWARE/encoder.o
                                                  ./HARDWARE/spi.o
                                                  ./HARDWARE/spi_flash.o
                                                  ./HARDWARE/usart.o
                                                  ./HARDWARE/led.o
                                                  ./HARDWARE/rs485.o
                                                  ./HARDWARE/itr.o
GPIO_PinLockConfig                                ./SYSTEM/src/stm32f10x_gpio.o
GPIO_PinRemapConfig                               ./SYSTEM/src/stm32f10x_gpio.o
                                                  ./HARDWARE/led.o
GPIO_ReadInputData                                ./SYSTEM/src/stm32f10x_gpio.o
GPIO_ReadInputDataBit                             ./SYSTEM/src/stm32f10x_gpio.o
                                                  ./HARDWARE/spi_flash.o
                                                  ./USER/stm32f10x_it.o
GPIO_ReadOutputData                               ./SYSTEM/src/stm32f10x_gpio.o
GPIO_ReadOutputDataBit                            ./SYSTEM/src/stm32f10x_gpio.o
                                                  ./USER/stm32f10x_it.o
GPIO_ResetBits                                    ./SYSTEM/src/stm32f10x_gpio.o
                                                  ./HARDWARE/spi_flash.o
                                                  ./HARDWARE/move.o
                                                  ./HARDWARE/radio.o
                                                  ./USER/stm32f10x_it.o
GPIO_SetBits                                      ./SYSTEM/src/stm32f10x_gpio.o
                                                  ./HARDWARE/spi_flash.o
                                                  ./HARDWARE/move.o
                                                  ./HARDWARE/radio.o
                                                  ./HARDWARE/led.o
                                                  ./USER/stm32f10x_it.o
GPIO_StructInit                                   ./SYSTEM/src/stm32f10x_gpio.o
GPIO_Write                                        ./SYSTEM/src/stm32f10x_gpio.o
GPIO_WriteBit                                     ./SYSTEM/src/stm32f10x_gpio.o
Get_Adc                                           ./HARDWARE/adc.o
                                                  ./USER/main.o
HMCBuf                                            ./USER/main.o
                                                  ./HARDWARE/command.o
HardFault_Handler                                 ./USER/stm32f10x_it.o
I2C1_ER_IRQHandler                                ./CORE/startup_stm32f10x_hd.o
I2C1_EV_IRQHandler                                ./CORE/startup_stm32f10x_hd.o
I2C2_ER_IRQHandler                                ./CORE/startup_stm32f10x_hd.o
I2C2_EV_IRQHandler                                ./CORE/startup_stm32f10x_hd.o
I2C_ARPCmd                                        ./SYSTEM/src/stm32f10x_i2c.o
I2C_AcknowledgeConfig                             ./SYSTEM/src/stm32f10x_i2c.o
I2C_CalculatePEC                                  ./SYSTEM/src/stm32f10x_i2c.o
I2C_CheckEvent                                    ./SYSTEM/src/stm32f10x_i2c.o
I2C_ClearFlag                                     ./SYSTEM/src/stm32f10x_i2c.o
I2C_ClearITPendingBit                             ./SYSTEM/src/stm32f10x_i2c.o
I2C_Cmd                                           ./SYSTEM/src/stm32f10x_i2c.o
I2C_DMACmd                                        ./SYSTEM/src/stm32f10x_i2c.o
I2C_DMALastTransferCmd                            ./SYSTEM/src/stm32f10x_i2c.o
I2C_DeInit                                        ./SYSTEM/src/stm32f10x_i2c.o
I2C_DualAddressCmd                                ./SYSTEM/src/stm32f10x_i2c.o
I2C_FastModeDutyCycleConfig                       ./SYSTEM/src/stm32f10x_i2c.o
I2C_GeneralCallCmd                                ./SYSTEM/src/stm32f10x_i2c.o
I2C_GenerateSTART                                 ./SYSTEM/src/stm32f10x_i2c.o
I2C_GenerateSTOP                                  ./SYSTEM/src/stm32f10x_i2c.o
I2C_GetFlagStatus                                 ./SYSTEM/src/stm32f10x_i2c.o
I2C_GetITStatus                                   ./SYSTEM/src/stm32f10x_i2c.o
I2C_GetLastEvent                                  ./SYSTEM/src/stm32f10x_i2c.o
I2C_GetPEC                                        ./SYSTEM/src/stm32f10x_i2c.o
I2C_ITConfig                                      ./SYSTEM/src/stm32f10x_i2c.o
I2C_Init                                          ./SYSTEM/src/stm32f10x_i2c.o
I2C_NACKPositionConfig                            ./SYSTEM/src/stm32f10x_i2c.o
I2C_OwnAddress2Config                             ./SYSTEM/src/stm32f10x_i2c.o
I2C_PECPositionConfig                             ./SYSTEM/src/stm32f10x_i2c.o
I2C_ReadRegister                                  ./SYSTEM/src/stm32f10x_i2c.o
I2C_ReceiveData                                   ./SYSTEM/src/stm32f10x_i2c.o
I2C_SMBusAlertConfig                              ./SYSTEM/src/stm32f10x_i2c.o
I2C_Send7bitAddress                               ./SYSTEM/src/stm32f10x_i2c.o